Component: ARM Compiler 5.05 update 1 (build 106) Tool: armlink [4d0efa]

==============================================================================

Section Cross References

    main.o(i.CH375FileEnumer) refers to CH375MAI.O(.text) for CH375FileOpen
    main.o(i.CH375FileQuery) refers to CH375MAI.O(.text) for CH375FileModify
    main.o(i.CH375FileQuery) refers to main.o(.bss) for mCmdParam
    main.o(i.CH375LibInit) refers to CH375MAI.O(.text) for CH375GetVer
    main.o(i.CH375LibInit) refers to CH375MAI.O(.data) for CH375LibConfig
    main.o(i.CH375LibInit) refers to main.o(.bss) for DISK_BASE_BUF
    main.o(i.Nvic_Init) refers to misc.o(i.NVIC_PriorityGroupConfig) for NVIC_PriorityGroupConfig
    main.o(i.Nvic_Init) refers to misc.o(i.NVIC_Init) for NVIC_Init
    main.o(i.RCC_Configuration) refers to stm32f10x_rcc.o(i.RCC_DeInit) for RCC_DeInit
    main.o(i.RCC_Configuration) refers to stm32f10x_rcc.o(i.RCC_HSEConfig) for RCC_HSEConfig
    main.o(i.RCC_Configuration) refers to stm32f10x_rcc.o(i.RCC_WaitForHSEStartUp) for RCC_WaitForHSEStartUp
    main.o(i.RCC_Configuration) refers to stm32f10x_rcc.o(i.RCC_HCLKConfig) for RCC_HCLKConfig
    main.o(i.RCC_Configuration) refers to stm32f10x_rcc.o(i.RCC_PCLK2Config) for RCC_PCLK2Config
    main.o(i.RCC_Configuration) refers to stm32f10x_rcc.o(i.RCC_PCLK1Config) for RCC_PCLK1Config
    main.o(i.RCC_Configuration) refers to stm32f10x_flash.o(i.FLASH_SetLatency) for FLASH_SetLatency
    main.o(i.RCC_Configuration) refers to stm32f10x_flash.o(i.FLASH_PrefetchBufferCmd) for FLASH_PrefetchBufferCmd
    main.o(i.RCC_Configuration) refers to stm32f10x_rcc.o(i.RCC_PLLConfig) for RCC_PLLConfig
    main.o(i.RCC_Configuration) refers to stm32f10x_rcc.o(i.RCC_PLLCmd) for RCC_PLLCmd
    main.o(i.RCC_Configuration) refers to stm32f10x_rcc.o(i.RCC_GetFlagStatus) for RCC_GetFlagStatus
    main.o(i.RCC_Configuration) refers to stm32f10x_rcc.o(i.RCC_SYSCLKConfig) for RCC_SYSCLKConfig
    main.o(i.RCC_Configuration) refers to stm32f10x_rcc.o(i.RCC_GetSYSCLKSource) for RCC_GetSYSCLKSource
    main.o(i.RCC_Configuration) refers to stm32f10x_rcc.o(i.RCC_APB2PeriphClockCmd) for RCC_APB2PeriphClockCmd
    main.o(i.RCC_Configuration) refers to stm32f10x_rcc.o(i.RCC_APB1PeriphClockCmd) for RCC_APB1PeriphClockCmd
    main.o(i.RCC_Configuration) refers to stm32f10x_rcc.o(i.RCC_AHBPeriphClockCmd) for RCC_AHBPeriphClockCmd
    main.o(i.mStopIfError) refers to _printf_pad.o(.text) for _printf_pre_padding
    main.o(i.mStopIfError) refers to _printf_percent.o(.ARM.Collect$$_printf_percent$$00000000) for _printf_percent
    main.o(i.mStopIfError) refers to _printf_x.o(.ARM.Collect$$_printf_percent$$0000000C) for _printf_x
    main.o(i.mStopIfError) refers to _printf_hex_int.o(.text) for _printf_longlong_hex
    main.o(i.mStopIfError) refers to noretval__2printf.o(.text) for __2printf
    main.o(i.main) refers to main.o(i.RCC_Configuration) for RCC_Configuration
    main.o(i.main) refers to uart.o(i.Uart1_Init) for Uart1_Init
    main.o(i.main) refers to delay.o(i.delay_init) for delay_init
    main.o(i.main) refers to misc.o(i.NVIC_PriorityGroupConfig) for NVIC_PriorityGroupConfig
    main.o(i.main) refers to main.o(i.Nvic_Init) for Nvic_Init
    main.o(i.main) refers to noretval__2printf.o(.text) for __2printf
    main.o(i.main) refers to ch375.o(i.CH375_Init) for CH375_Init
    main.o(i.main) refers to main.o(i.CH375LibInit) for CH375LibInit
    main.o(i.main) refers to main.o(i.mStopIfError) for mStopIfError
    main.o(i.main) refers to CH375MAI.O(.text) for CH375DiskConnect
    main.o(i.main) refers to delay.o(i.delay_ms) for delay_ms
    main.o(i.main) refers to CH375MAI.O(.data) for CH375DiskStatus
    main.o(i.xQueryInterrupt) refers to ch375.o(i.xReadCH375Cmd) for xReadCH375Cmd
    main.o(i.xQueryInterrupt) refers to ch375.o(i.xWriteCH375Cmd) for xWriteCH375Cmd
    main.o(i.xQueryInterrupt) refers to ch375.o(i.xReadCH375Data) for xReadCH375Data
    main.o(i.xQueryInterrupt) refers to CH375MAI.O(.data) for CH375IntStatus
    system_stm32f10x.o(i.SetSysClock) refers to system_stm32f10x.o(i.SetSysClockTo72) for SetSysClockTo72
    system_stm32f10x.o(i.SystemCoreClockUpdate) refers to system_stm32f10x.o(.data) for SystemCoreClock
    system_stm32f10x.o(i.SystemInit) refers to system_stm32f10x.o(i.SetSysClock) for SetSysClock
    delay.o(i.delay_init) refers to misc.o(i.SysTick_CLKSourceConfig) for SysTick_CLKSourceConfig
    delay.o(i.delay_init) refers to system_stm32f10x.o(.data) for SystemCoreClock
    delay.o(i.delay_init) refers to delay.o(.data) for fac_us
    delay.o(i.delay_ms) refers to delay.o(.data) for fac_ms
    delay.o(i.delay_us) refers to delay.o(.data) for fac_us
    uart.o(i.PrintHexS16) refers to uart.o(i.PrintHexU8) for PrintHexU8
    uart.o(i.PrintHexU8) refers to stm32f10x_usart.o(i.USART_ITConfig) for USART_ITConfig
    uart.o(i.PrintHexU8) refers to uart.o(.data) for Count
    uart.o(i.PrintHexU8) refers to uart.o(.bss) for TxBuff
[...]
    ../clib/printf.c                         0x00000000   Number         0  _printf_hex_int.o ABSOLUTE
    ../clib/printf.c                         0x00000000   Number         0  _printf_hex_int_ll.o ABSOLUTE
    ../clib/printf.c                         0x00000000   Number         0  _printf_char_common.o ABSOLUTE
    ../clib/printf.c                         0x00000000   Number         0  _printf_pad.o ABSOLUTE
    ../clib/printf_percent.s                 0x00000000   Number         0  _printf_x.o ABSOLUTE
    ../clib/printf_percent.s                 0x00000000   Number         0  _printf_percent_end.o ABSOLUTE
    ../clib/printf_percent.s                 0x00000000   Number         0  _printf_percent.o ABSOLUTE
    ../clib/signal.c                         0x00000000   Number         0  defsig_abrt_inner.o ABSOLUTE
    ../clib/signal.c                         0x00000000   Number         0  __raise.o ABSOLUTE
    ../clib/signal.c                         0x00000000   Number         0  defsig_fpe_inner.o ABSOLUTE
    ../clib/signal.c                         0x00000000   Number         0  defsig_stak_inner.o ABSOLUTE
    ../clib/signal.c                         0x00000000   Number         0  defsig_rtmem_outer.o ABSOLUTE
    ../clib/signal.c                         0x00000000   Number         0  defsig_pvfn_inner.o ABSOLUTE
    ../clib/signal.c                         0x00000000   Number         0  defsig_cppl_inner.o ABSOLUTE
    ../clib/signal.c                         0x00000000   Number         0  defsig_rtred_formal.o ABSOLUTE
    ../clib/signal.c                         0x00000000   Number         0  defsig_rtred_outer.o ABSOLUTE
    ../clib/signal.c                         0x00000000   Number         0  defsig_segv_inner.o ABSOLUTE
    ../clib/signal.c                         0x00000000   Number         0  defsig_rtred_inner.o ABSOLUTE
    ../clib/signal.c                         0x00000000   Number         0  defsig_other.o ABSOLUTE
    ../clib/signal.c                         0x00000000   Number         0  defsig_exit.o ABSOLUTE
    ../clib/signal.c                         0x00000000   Number         0  defsig_general.o ABSOLUTE
    ../clib/signal.c                         0x00000000   Number         0  defsig_rtmem_formal.o ABSOLUTE
    ../clib/signal.c                         0x00000000   Number         0  defsig_rtmem_inner.o ABSOLUTE
    ../clib/signal.s                         0x00000000   Number         0  defsig.o ABSOLUTE
    ../clib/stdio.c                          0x00000000   Number         0  fclose.o ABSOLUTE
    ../clib/stdio.c                          0x00000000   Number         0  fputc_locked.o ABSOLUTE
    ../clib/stdio.c                          0x00000000   Number         0  initio.o ABSOLUTE
    ../clib/stdio.c                          0x00000000   Number         0  fputc.o ABSOLUTE
    ../clib/stdio.c                          0x00000000   Number         0  ferror.o ABSOLUTE
    ../clib/stdio.c                          0x00000000   Number         0  fflush_locked.o ABSOLUTE
    ../clib/stdio.c                          0x00000000   Number         0  fopen.o ABSOLUTE
    ../clib/stdio.c                          0x00000000   Number         0  fputs_locked.o ABSOLUTE
    ../clib/stdio.c                          0x00000000   Number         0  fputs.o ABSOLUTE
    ../clib/stdio.c                          0x00000000   Number         0  fflush.o ABSOLUTE
    ../clib/stdio.c                          0x00000000   Number         0  streamlock.o ABSOLUTE
    ../clib/stdio.c                          0x00000000   Number         0  ftell.o ABSOLUTE
    ../clib/stdio.c                          0x00000000   Number         0  setvbuf.o ABSOLUTE
    ../clib/stdio.c                          0x00000000   Number         0  fwritefast_locked.o ABSOLUTE
    ../clib/stdio.c                          0x00000000   Number         0  flsbuf.o ABSOLUTE
    ../clib/stdio.c                          0x00000000   Number         0  fwritefast.o ABSOLUTE
    ../clib/stdio.c                          0x00000000   Number         0  stdio_streams.o ABSOLUTE
    ../clib/stdio.c                          0x00000000   Number         0  stdio.o ABSOLUTE
    ../clib/stdio.c                          0x00000000   Number         0  fseek.o ABSOLUTE
    ../clib/stdio.c                          0x00000000   Number         0  initio_locked.o ABSOLUTE
    ../clib/stdio.c                          0x00000000   Number         0  ferror_locked.o ABSOLUTE
    ../clib/stdio.c                          0x00000000   Number         0  fopen_locked.o ABSOLUTE
    ../clib/stdio.c                          0x00000000   Number         0  setvbuf_locked.o ABSOLUTE
    ../clib/stdlib.c                         0x00000000   Number         0  exit.o ABSOLUTE
    ../clib/string.c                         0x00000000   Number         0  strlen.o ABSOLUTE
    ../clib/wchar.c                          0x00000000   Number         0  flsbuf_fwide.o ABSOLUTE
    ../fplib/fpinit.s                        0x00000000   Number         0  fpinit.o ABSOLUTE
    CH375MAI.C                               0x00000000   Number         0  CH375MAI.O ABSOLUTE
    CORE\\core_cm3.c                         0x00000000   Number         0  core_cm3.o ABSOLUTE
    CORE\core_cm3.c                          0x00000000   Number         0  core_cm3.o ABSOLUTE
    CORE\startup_stm32f10x_md.s              0x00000000   Number         0  startup_stm32f10x_md.o ABSOLUTE
    STM32F10x_FWLib\src\misc.c               0x00000000   Number         0  misc.o ABSOLUTE
    STM32F10x_FWLib\src\stm32f10x_adc.c      0x00000000   Number         0  stm32f10x_adc.o ABSOLUTE
    STM32F10x_FWLib\src\stm32f10x_bkp.c      0x00000000   Number         0  stm32f10x_bkp.o ABSOLUTE
    STM32F10x_FWLib\src\stm32f10x_cec.c      0x00000000   Number         0  stm32f10x_cec.o ABSOLUTE
    STM32F10x_FWLib\src\stm32f10x_exti.c     0x00000000   Number         0  stm32f10x_exti.o ABSOLUTE
    STM32F10x_FWLib\src\stm32f10x_flash.c    0x00000000   Number         0  stm32f10x_flash.o ABSOLUTE
    STM32F10x_FWLib\src\stm32f10x_gpio.c     0x00000000   Number         0  stm32f10x_gpio.o ABSOLUTE
    STM32F10x_FWLib\src\stm32f10x_i2c.c      0x00000000   Number         0  stm32f10x_i2c.o ABSOLUTE
    STM32F10x_FWLib\src\stm32f10x_pwr.c      0x00000000   Number         0  stm32f10x_pwr.o ABSOLUTE
    STM32F10x_FWLib\src\stm32f10x_rcc.c      0x00000000   Number         0  stm32f10x_rcc.o ABSOLUTE
    STM32F10x_FWLib\src\stm32f10x_rtc.c      0x00000000   Number         0  stm32f10x_rtc.o ABSOLUTE
    STM32F10x_FWLib\src\stm32f10x_sdio.c     0x00000000   Number         0  stm32f10x_sdio.o ABSOLUTE
    STM32F10x_FWLib\src\stm32f10x_spi.c      0x00000000   Number         0  stm32f10x_spi.o ABSOLUTE
    STM32F10x_FWLib\src\stm32f10x_tim.c      0x00000000   Number         0  stm32f10x_tim.o ABSOLUTE
    STM32F10x_FWLib\src\stm32f10x_usart.c    0x00000000   Number         0  stm32f10x_usart.o ABSOLUTE
    USER\\sys\\sys.c                         0x00000000   Number         0  sys.o ABSOLUTE
    USER\ch375\ch375.c                       0x00000000   Number         0  ch375.o ABSOLUTE
    USER\delay\delay.c                       0x00000000   Number         0  delay.o ABSOLUTE
    USER\main.c                              0x00000000   Number         0  main.o ABSOLUTE
    USER\stm32f10x_it.c                      0x00000000   Number         0  stm32f10x_it.o ABSOLUTE
    USER\sys\sys.c                           0x00000000   Number         0  sys.o ABSOLUTE
    USER\system_stm32f10x.c                  0x00000000   Number         0  system_stm32f10x.o ABSOLUTE
    USER\usart\Uart.c                        0x00000000   Number         0  uart.o ABSOLUTE
    dc.s                                     0x00000000   Number         0  dc.o ABSOLUTE
    RESET                                    0x08000000   Section      236  startup_stm32f10x_md.o(RESET)
    !!!main                                  0x080000ec   Section        8  __main.o(!!!main)
    !!!scatter                               0x080000f4   Section       52  __scatter.o(!!!scatter)
    !!handler_copy                           0x08000128   Section       26  __scatter_copy.o(!!handler_copy)
    !!handler_zi                             0x08000144   Section       28  __scatter_zi.o(!!handler_zi)
    .ARM.Collect$$_printf_percent$$00000000  0x08000160   Section        0  _printf_percent.o(.ARM.Collect$$_printf_percent$$00000000)
    .ARM.Collect$$_printf_percent$$0000000C  0x08000160   Section        6  _printf_x.o(.ARM.Collect$$_printf_percent$$0000000C)
    .ARM.Collect$$_printf_percent$$00000017  0x08000166   Section        4  _printf_percent_end.o(.ARM.Collect$$_printf_percent$$00000017)
    .ARM.Collect$$libinit$$00000000          0x0800016a   Section        2  libinit.o(.ARM.Collect$$libinit$$00000000)
    .ARM.Collect$$libinit$$00000002          0x0800016c   Section        0  libinit2.o(.ARM.Collect$$libinit$$00000002)
    .ARM.Collect$$libinit$$00000004          0x0800016c   Section        0  libinit2.o(.ARM.Collect$$libinit$$00000004)
    .ARM.Collect$$libinit$$00000005          0x0800016c   Section        8  libinit2.o(.ARM.Collect$$libinit$$00000005)
    .ARM.Collect$$libinit$$0000000A          0x08000174   Section        0  libinit2.o(.ARM.Collect$$libinit$$0000000A)
    .ARM.Collect$$libinit$$0000000C          0x08000174   Section        0  libinit2.o(.ARM.Collect$$libinit$$0000000C)
    .ARM.Collect$$libinit$$0000000E          0x08000174   Section        0  libinit2.o(.ARM.Collect$$libinit$$0000000E)
    .ARM.Collect$$libinit$$00000011          0x08000174   Section        0  libinit2.o(.ARM.Collect$$libinit$$00000011)
    .ARM.Collect$$libinit$$00000013          0x08000174   Section        0  libinit2.o(.ARM.Collect$$libinit$$00000013)
    .ARM.Collect$$libinit$$00000015          0x08000174   Section        0  libinit2.o(.ARM.Collect$$libinit$$00000015)
    .ARM.Collect$$libinit$$00000017          0x08000174   Section        0  libinit2.o(.ARM.Collect$$libinit$$00000017)
    .ARM.Collect$$libinit$$00000019          0x08000174   Section        0  libinit2.o(.ARM.Collect$$libinit$$00000019)
    .ARM.Collect$$libinit$$0000001B          0x08000174   Section        0  libinit2.o(.ARM.Collect$$libinit$$0000001B)
    .ARM.Collect$$libinit$$0000001D          0x08000174   Section        0  libinit2.o(.ARM.Collect$$libinit$$0000001D)
    .ARM.Collect$$libinit$$0000001F          0x08000174   Section        0  libinit2.o(.ARM.Collect$$libinit$$0000001F)
    .ARM.Collect$$libinit$$00000021          0x08000174   Section        0  libinit2.o(.ARM.Collect$$libinit$$00000021)
    .ARM.Collect$$libinit$$00000023          0x08000174   Section        0  libinit2.o(.ARM.Collect$$libinit$$00000023)
    .ARM.Collect$$libinit$$00000024          0x08000174   Section        4  libinit2.o(.ARM.Collect$$libinit$$00000024)
    .ARM.Collect$$libinit$$00000025          0x08000178   Section        0  libinit2.o(.ARM.Collect$$libinit$$00000025)
    .ARM.Collect$$libinit$$0000002C          0x08000178   Section        0  libinit2.o(.ARM.Collect$$libinit$$0000002C)
    .ARM.Collect$$libinit$$0000002E          0x08000178   Section        0  libinit2.o(.ARM.Collect$$libinit$$0000002E)
    .ARM.Collect$$libinit$$00000030          0x08000178   Section        0  libinit2.o(.ARM.Collect$$libinit$$00000030)
    .ARM.Collect$$libinit$$00000032          0x08000178   Section        0  libinit2.o(.ARM.Collect$$libinit$$00000032)
    .ARM.Collect$$libinit$$00000033          0x08000178   Section        2  libinit2.o(.ARM.Collect$$libinit$$00000033)
    .ARM.Collect$$libshutdown$$00000000      0x0800017a   Section        2  libshutdown.o(.ARM.Collect$$libshutdown$$00000000)
    .ARM.Collect$$libshutdown$$00000002      0x0800017c   Section        4  libshutdown2.o(.ARM.Collect$$libshutdown$$00000002)
    .ARM.Collect$$libshutdown$$00000003      0x08000180   Section        0  libshutdown2.o(.ARM.Collect$$libshutdown$$00000003)
    .ARM.Collect$$libshutdown$$00000006      0x08000180   Section        0  libshutdown2.o(.ARM.Collect$$libshutdown$$00000006)
    .ARM.Collect$$libshutdown$$00000009      0x08000180   Section        0  libshutdown2.o(.ARM.Collect$$libshutdown$$00000009)
    .ARM.Collect$$libshutdown$$0000000B      0x08000180   Section        0  libshutdown2.o(.ARM.Collect$$libshutdown$$0000000B)
    .ARM.Collect$$libshutdown$$0000000E      0x08000180   Section        0  libshutdown2.o(.ARM.Collect$$libshutdown$$0000000E)
    .ARM.Collect$$libshutdown$$0000000F      0x08000180   Section        2  libshutdown2.o(.ARM.Collect$$libshutdown$$0000000F)
    .ARM.Collect$$rtentry$$00000000          0x08000182   Section        0  __rtentry.o(.ARM.Collect$$rtentry$$00000000)
    .ARM.Collect$$rtentry$$00000002          0x08000182   Section        0  __rtentry2.o(.ARM.Collect$$rtentry$$00000002)
    .ARM.Collect$$rtentry$$00000004          0x08000182   Section        6  __rtentry4.o(.ARM.Collect$$rtentry$$00000004)
    .ARM.Collect$$rtentry$$00000009          0x08000188   Section        0  __rtentry2.o(.ARM.Collect$$rtentry$$00000009)
    .ARM.Collect$$rtentry$$0000000A          0x08000188   Section        4  __rtentry2.o(.ARM.Collect$$rtentry$$0000000A)
    .ARM.Collect$$rtentry$$0000000C          0x0800018c   Section        0  __rtentry2.o(.ARM.Collect$$rtentry$$0000000C)
    .ARM.Collect$$rtentry$$0000000D          0x0800018c   Section        8  __rtentry2.o(.ARM.Collect$$rtentry$$0000000D)
    .ARM.Collect$$rtexit$$00000000           0x08000194   Section        2  rtexit.o(.ARM.Collect$$rtexit$$00000000)
    .ARM.Collect$$rtexit$$00000002           0x08000196   Section        0  rtexit2.o(.ARM.Collect$$rtexit$$00000002)
    .ARM.Collect$$rtexit$$00000003           0x08000196   Section        4  rtexit2.o(.ARM.Collect$$rtexit$$00000003)
    .ARM.Collect$$rtexit$$00000004           0x0800019a   Section        6  rtexit2.o(.ARM.Collect$$rtexit$$00000004)
    .emb_text                                0x080001a0   Section        0  maybetermalloc1.o(.emb_text)
    .text                                    0x080001a0   Section       64  startup_stm32f10x_md.o(.text)
    .text                                    0x080001e0   Section        0  CH375MAI.O(.text)
    CH375s02                                 0x08000205   Thumb Code    20  CH375MAI.O(.text)
    CH375s45                                 0x080005f1   Thumb Code    58  CH375MAI.O(.text)
    .text                                    0x080020fc   Section        0  noretval__2printf.o(.text)
    .text                                    0x08002114   Section        0  _printf_pad.o(.text)
    .text                                    0x08002164   Section        0  _printf_hex_int.o(.text)
    .text                                    0x080021bc   Section        0  __printf_flags_wp.o(.text)
    .text                                    0x080022f4   Section        0  heapauxi.o(.text)
    .text                                    0x080022fa   Section        0  _printf_intcommon.o(.text)
    .text                                    0x080023ac   Section        0  _printf_char_file.o(.text)
    .text                                    0x080023d0   Section        0  _printf_char_common.o(.text)
    _printf_input_char                       0x080023d1   Thumb Code    10  _printf_char_common.o(.text)
    .text                                    0x08002400   Section        0  ferror.o(.text)
    .text                                    0x08002408   Section        0  initio.o(.text)
    .text                                    0x08002540   Section        0  sys_io.o(.text)
    .text                                    0x080025a6   Section       74  sys_stackheap_outer.o(.text)
    .text                                    0x080025f0   Section        0  h1_free.o(.text)
    .text                                    0x0800263e   Section        0  flsbuf.o(.text)
    .text                                    0x08002814   Section        0  setvbuf.o(.text)
    .text                                    0x0800285c   Section        0  fopen.o(.text)
    _freopen_locked                          0x0800285d   Thumb Code     0  fopen.o(.text)
    .text                                    0x08002948   Section        0  fclose.o(.text)
    .text                                    0x08002994   Section        0  exit.o(.text)
    .text                                    0x080029a0   Section        0  defsig_rtred_outer.o(.text)
    .text                                    0x080029ae   Section       78  rt_memclr_w.o(.text)
    .text                                    0x080029fc   Section        8  libspace.o(.text)
    .text                                    0x08002a04   Section        2  use_no_semi.o(.text)
    .text                                    0x08002a06   Section        0  indicate_semi.o(.text)
    .text                                    0x08002a08   Section        8  rt_heap_descriptor_intlibspace.o(.text)
    .text                                    0x08002a10   Section        0  hguard.o(.text)
    .text                                    0x08002a14   Section        0  init_alloc.o(.text)
    .text                                    0x08002a9e   Section        0  h1_alloc.o(.text)
    .text                                    0x08002afc   Section        0  fseek.o(.text)
    .text                                    0x08002bf4   Section        0  stdio.o(.text)
    .text                                    0x08002ce4   Section        0  defsig_exit.o(.text)
    .text                                    0x08002cf0   Section        0  defsig_rtred_inner.o(.text)
    .text                                    0x08002d24   Section        0  strlen.o(.text)
    .text                                    0x08002d64   Section        0  sys_exit.o(.text)
    .text                                    0x08002d70   Section        0  h1_init.o(.text)
    .text                                    0x08002d7e   Section        0  h1_extend.o(.text)
    .text                                    0x08002db2   Section        0  ftell.o(.text)
    .text                                    0x08002df4   Section        0  defsig_general.o(.text)
    .text                                    0x08002e26   Section        0  defsig_rtmem_outer.o(.text)
    .text                                    0x08002e34   Section        0  sys_wrch.o(.text)
    .text                                    0x08002e44   Section        8  rt_errno_addr_intlibspace.o(.text)
    .text                                    0x08002e4c   Section        0  defsig_rtmem_inner.o(.text)
    i.BusFault_Handler                       0x08002e9c   Section        0  stm32f10x_it.o(i.BusFault_Handler)
    i.CH375LibInit                           0x08002ea0   Section        0  main.o(i.CH375LibInit)
    i.CH375_Init                             0x08002ecc   Section        0  ch375.o(i.CH375_Init)
    i.DebugMon_Handler                       0x08002fa0   Section        0  stm32f10x_it.o(i.DebugMon_Handler)
    i.EXTI15_10_IRQHandler                   0x08002fa4   Section        0  ch375.o(i.EXTI15_10_IRQHandler)
    i.EXTI_ClearITPendingBit                 0x08002ff0   Section        0  stm32f10x_exti.o(i.EXTI_ClearITPendingBit)
    i.EXTI_GetITStatus                       0x08002ffc   Section        0  stm32f10x_exti.o(i.EXTI_GetITStatus)
    i.EXTI_Init                              0x08003024   Section        0  stm32f10x_exti.o(i.EXTI_Init)
    i.FLASH_PrefetchBufferCmd                0x080030b8   Section        0  stm32f10x_flash.o(i.FLASH_PrefetchBufferCmd)
    i.FLASH_SetLatency                       0x080030d4   Section        0  stm32f10x_flash.o(i.FLASH_SetLatency)
    i.GPIO_EXTILineConfig                    0x080030ec   Section        0  stm32f10x_gpio.o(i.GPIO_EXTILineConfig)
    i.GPIO_Init                              0x0800312c   Section        0  stm32f10x_gpio.o(i.GPIO_Init)
    i.GPIO_PinRemapConfig                    0x08003244   Section        0  stm32f10x_gpio.o(i.GPIO_PinRemapConfig)
    i.HardFault_Handler                      0x080032d4   Section        0  stm32f10x_it.o(i.HardFault_Handler)
    i.MemManage_Handler                      0x080032d8   Section        0  stm32f10x_it.o(i.MemManage_Handler)
    i.NMI_Handler                            0x080032dc   Section        0  stm32f10x_it.o(i.NMI_Handler)
    i.NVIC_Init                              0x080032e0   Section        0  misc.o(i.NVIC_Init)
    i.NVIC_PriorityGroupConfig               0x08003350   Section        0  misc.o(i.NVIC_PriorityGroupConfig)
    i.Nvic_Init                              0x08003364   Section        0  main.o(i.Nvic_Init)
    i.PendSV_Handler                         0x080033c8   Section        0  stm32f10x_it.o(i.PendSV_Handler)
    i.RCC_AHBPeriphClockCmd                  0x080033cc   Section        0  stm32f10x_rcc.o(i.RCC_AHBPeriphClockCmd)
    i.RCC_APB1PeriphClockCmd                 0x080033ec   Section        0  stm32f10x_rcc.o(i.RCC_APB1PeriphClockCmd)
    i.RCC_APB1PeriphResetCmd                 0x0800340c   Section        0  stm32f10x_rcc.o(i.RCC_APB1PeriphResetCmd)
    i.RCC_APB2PeriphClockCmd                 0x0800342c   Section        0  stm32f10x_rcc.o(i.RCC_APB2PeriphClockCmd)
    i.RCC_APB2PeriphResetCmd                 0x0800344c   Section        0  stm32f10x_rcc.o(i.RCC_APB2PeriphResetCmd)
    i.RCC_Configuration                      0x0800346c   Section        0  main.o(i.RCC_Configuration)
    i.RCC_DeInit                             0x080034f8   Section        0  stm32f10x_rcc.o(i.RCC_DeInit)
    i.RCC_GetClocksFreq                      0x08003544   Section        0  stm32f10x_rcc.o(i.RCC_GetClocksFreq)
    i.RCC_GetFlagStatus                      0x08003618   Section        0  stm32f10x_rcc.o(i.RCC_GetFlagStatus)
    i.RCC_GetSYSCLKSource                    0x08003654   Section        0  stm32f10x_rcc.o(i.RCC_GetSYSCLKSource)
    i.RCC_HCLKConfig                         0x08003664   Section        0  stm32f10x_rcc.o(i.RCC_HCLKConfig)
    i.RCC_HSEConfig                          0x0800367c   Section        0  stm32f10x_rcc.o(i.RCC_HSEConfig)
    i.RCC_PCLK1Config                        0x080036c8   Section        0  stm32f10x_rcc.o(i.RCC_PCLK1Config)
    i.RCC_PCLK2Config                        0x080036e0   Section        0  stm32f10x_rcc.o(i.RCC_PCLK2Config)
    i.RCC_PLLCmd                             0x080036f8   Section        0  stm32f10x_rcc.o(i.RCC_PLLCmd)
    i.RCC_PLLConfig                          0x08003704   Section        0  stm32f10x_rcc.o(i.RCC_PLLConfig)
    i.RCC_SYSCLKConfig                       0x08003720   Section        0  stm32f10x_rcc.o(i.RCC_SYSCLKConfig)
    i.RCC_WaitForHSEStartUp                  0x08003738   Section        0  stm32f10x_rcc.o(i.RCC_WaitForHSEStartUp)
    i.SVC_Handler                            0x08003770   Section        0  stm32f10x_it.o(i.SVC_Handler)
    i.SetSysClock                            0x08003772   Section        0  system_stm32f10x.o(i.SetSysClock)
    SetSysClock                              0x08003773   Thumb Code     8  system_stm32f10x.o(i.SetSysClock)
    i.SetSysClockTo72                        0x0800377c   Section        0  system_stm32f10x.o(i.SetSysClockTo72)
    SetSysClockTo72                          0x0800377d   Thumb Code   214  system_stm32f10x.o(i.SetSysClockTo72)
    i.SysTick_CLKSourceConfig                0x0800385c   Section        0  misc.o(i.SysTick_CLKSourceConfig)
    i.SysTick_Handler                        0x08003884   Section        0  stm32f10x_it.o(i.SysTick_Handler)
    i.SystemInit                             0x08003888   Section        0  system_stm32f10x.o(i.SystemInit)
    i.USART1_IRQHandler                      0x080038e8   Section        0  uart.o(i.USART1_IRQHandler)
    i.USART_ClearFlag                        0x08003960   Section        0  stm32f10x_usart.o(i.USART_ClearFlag)
    i.USART_Cmd                              0x08003972   Section        0  stm32f10x_usart.o(i.USART_Cmd)
    i.USART_DeInit                           0x0800398c   Section        0  stm32f10x_usart.o(i.USART_DeInit)
    i.USART_GetFlagStatus                    0x08003a28   Section        0  stm32f10x_usart.o(i.USART_GetFlagStatus)
    i.USART_ITConfig                         0x08003a42   Section        0  stm32f10x_usart.o(i.USART_ITConfig)
    i.USART_Init                             0x08003a8c   Section        0  stm32f10x_usart.o(i.USART_Init)
    i.USART_ReceiveData                      0x08003b64   Section        0  stm32f10x_usart.o(i.USART_ReceiveData)
    i.USART_SendData                         0x08003b6e   Section        0  stm32f10x_usart.o(i.USART_SendData)
    i.Uart1_Init                             0x08003b78   Section        0  uart.o(i.Uart1_Init)
    i.UsageFault_Handler                     0x08003c10   Section        0  stm32f10x_it.o(i.UsageFault_Handler)
    i._is_digit                              0x08003c14   Section        0  __printf_wp.o(i._is_digit)
    i.delay_init                             0x08003c24   Section        0  delay.o(i.delay_init)
    i.delay_ms                               0x08003c68   Section        0  delay.o(i.delay_ms)
    i.delay_us                               0x08003cb4   Section        0  delay.o(i.delay_us)
    i.fputc                                  0x08003d00   Section        0  fputc.o(i.fputc)
    i.mStopIfError                           0x08003d1c   Section        0  main.o(i.mStopIfError)
    i.main                                   0x08003d40   Section        0  main.o(i.main)
    i.xDelay100uS                            0x08003dc4   Section        0  main.o(i.xDelay100uS)
    i.xDelayAfterWrite                       0x08003dd2   Section        0  main.o(i.xDelayAfterWrite)
    i.xFileNameEnumer                        0x08003de0   Section        0  main.o(i.xFileNameEnumer)
    i.xQueryInterrupt                        0x08003de4   Section        0  main.o(i.xQueryInterrupt)
    i.xReadCH375Cmd                          0x08003e2c   Section        0  ch375.o(i.xReadCH375Cmd)
    i.xReadCH375Data                         0x08003e30   Section        0  ch375.o(i.xReadCH375Data)
    i.xWriteCH375Cmd                         0x08003e50   Section        0  ch375.o(i.xWriteCH375Cmd)
    i.xWriteCH375Data                        0x08003e78   Section        0  ch375.o(i.xWriteCH375Data)
    .constdata                               0x08003ea0   Section       40  _printf_hex_int.o(.constdata)
    uc_hextab                                0x08003ea0   Data          20  _printf_hex_int.o(.constdata)
    lc_hextab                                0x08003eb4   Data          20  _printf_hex_int.o(.constdata)
    .constdata                               0x08003ec8   Section       17  __printf_flags_wp.o(.constdata)
    maptable                                 0x08003ec8   Data          17  __printf_flags_wp.o(.constdata)
    .constdata                               0x08003ed9   Section        4  sys_io.o(.constdata)
    .constdata                               0x08003edd   Section        4  sys_io.o(.constdata)
    .constdata                               0x08003ee1   Section        4  sys_io.o(.constdata)
    .data                                    0x20000000   Section       20  system_stm32f10x.o(.data)
    .data                                    0x20000014   Section        4  delay.o(.data)
    fac_us                                   0x20000014   Data           1  delay.o(.data)
    fac_ms                                   0x20000016   Data           2  delay.o(.data)
    .data                                    0x20000018   Section        2  uart.o(.data)
    .data                                    0x2000001a   Section       20  stm32f10x_rcc.o(.data)
    APBAHBPrescTable                         0x2000001a   Data          16  stm32f10x_rcc.o(.data)
    ADCPrescTable                            0x2000002a   Data           4  stm32f10x_rcc.o(.data)
    .data                                    0x20000030   Section       97  CH375MAI.O(.data)
    .data                                    0x20000094   Section        4  stdio_streams.o(.data)
    .data                                    0x20000098   Section        4  stdio_streams.o(.data)
    .data                                    0x2000009c   Section        4  stdio_streams.o(.data)
    .bss                                     0x200000a0   Section      544  main.o(.bss)
    .bss                                     0x200002c0   Section      306  uart.o(.bss)
    TxBuff                                   0x200002c0   Data         256  uart.o(.bss)
    .bss                                     0x200003f4   Section       84  stdio_streams.o(.bss)
    .bss                                     0x20000448   Section       84  stdio_streams.o(.bss)
    .bss                                     0x2000049c   Section       84  stdio_streams.o(.bss)
    .bss                                     0x200004f0   Section       96  libspace.o(.bss)
    HEAP                                     0x20000550   Section      512  startup_stm32f10x_md.o(HEAP)
    Heap_Mem                                 0x20000550   Data         512  startup_stm32f10x_md.o(HEAP)
    STACK                                    0x20000750   Section     1024  startup_stm32f10x_md.o(STACK)
    Stack_Mem                                0x20000750   Data        1024  startup_stm32f10x_md.o(STACK)
    __initial_sp                             0x20000b50   Data           0  startup_stm32f10x_md.o(STACK)

    Global Symbols

    Symbol Name                              Value     Ov Type        Size  Object(Section)

    BuildAttributes$$THM_ISAv4$P$D$K$B$S$PE$A:L22UL41UL21$X:L11$S22US41US21$IEEE1$IW$USESV6$~STKCKD$USESV7$~SHL$OTIME$ROPI$EBA8$UX$STANDARDLIB$REQ8$PRES8$EABIv2 0x00000000   Number         0  anon$$obj.o ABSOLUTE
    __ARM_use_no_argv                        0x00000000   Number         0  main.o ABSOLUTE
    _printf_flags                            0x00000000   Number         0  printf_stubs.o ABSOLUTE
    _printf_return_value                     0x00000000   Number         0  printf_stubs.o ABSOLUTE
    _printf_sizespec                         0x00000000   Number         0  printf_stubs.o ABSOLUTE
    _printf_widthprec                        0x00000000   Number         0  printf_stubs.o ABSOLUTE
    __ARM_exceptions_init                     - Undefined Weak Reference
    __alloca_initialize                       - Undefined Weak Reference
    __arm_preinit_                            - Undefined Weak Reference
    __cpp_initialize__aeabi_                  - Undefined Weak Reference
    __cxa_finalize                            - Undefined Weak Reference
    __rt_locale                               - Undefined Weak Reference
    __sigvec_lookup                           - Undefined Weak Reference
    __user_heap_extent                        - Undefined Weak Reference
    _atexit_init                              - Undefined Weak Reference
    _call_atexit_fns                          - Undefined Weak Reference
    _clock_init                               - Undefined Weak Reference
    _fp_trap_init                             - Undefined Weak Reference
    _fp_trap_shutdown                         - Undefined Weak Reference
    _get_lc_collate                           - Undefined Weak Reference
    _get_lc_ctype                             - Undefined Weak Reference
    _get_lc_monetary                          - Undefined Weak Reference
    _get_lc_numeric                           - Undefined Weak Reference
    _get_lc_time                              - Undefined Weak Reference
    _getenv_init                              - Undefined Weak Reference
    _handle_redirection                       - Undefined Weak Reference
    _mutex_acquire                            - Undefined Weak Reference
    _mutex_free                               - Undefined Weak Reference
    _mutex_release                            - Undefined Weak Reference
    _printf_truncate_unsigned                 - Undefined Weak Reference
    _rand_init                                - Undefined Weak Reference
    _signal_finish                            - Undefined Weak Reference
    _signal_init                              - Undefined Weak Reference
    __Vectors_Size                           0x000000ec   Number         0  startup_stm32f10x_md.o ABSOLUTE
    __Vectors                                0x08000000   Data           4  startup_stm32f10x_md.o(RESET)
    __Vectors_End                            0x080000ec   Data           0  startup_stm32f10x_md.o(RESET)
    __main                                   0x080000ed   Thumb Code     8  __main.o(!!!main)
    __scatterload                            0x080000f5   Thumb Code     0  __scatter.o(!!!scatter)
    __scatterload_rt2                        0x080000f5   Thumb Code    44  __scatter.o(!!!scatter)
    __scatterload_rt2_thumb_only             0x080000f5   Thumb Code     0  __scatter.o(!!!scatter)
    __scatterload_null                       0x08000103   Thumb Code     0  __scatter.o(!!!scatter)
    __scatterload_copy                       0x08000129   Thumb Code    26  __scatter_copy.o(!!handler_copy)
    __scatterload_zeroinit                   0x08000145   Thumb Code    28  __scatter_zi.o(!!handler_zi)
    _printf_percent                          0x08000161   Thumb Code     0  _printf_percent.o(.ARM.Collect$$_printf_percent$$00000000)
    _printf_x                                0x08000161   Thumb Code     0  _printf_x.o(.ARM.Collect$$_printf_percent$$0000000C)
    _printf_percent_end                      0x08000167   Thumb Code     0  _printf_percent_end.o(.ARM.Collect$$_printf_percent$$00000017)
    __rt_lib_init                            0x0800016b   Thumb Code     0  libinit.o(.ARM.Collect$$libinit$$00000000)
    __rt_lib_init_fp_1                       0x0800016d   Thumb Code     0  libinit2.o(.ARM.Collect$$libinit$$00000002)
    __rt_lib_init_heap_2                     0x0800016d   Thumb Code     0  libinit2.o(.ARM.Collect$$libinit$$00000005)
    __rt_lib_init_preinit_1                  0x0800016d   Thumb Code     0  libinit2.o(.ARM.Collect$$libinit$$00000004)
    __rt_lib_init_atexit_1                   0x08000175   Thumb Code     0  libinit2.o(.ARM.Collect$$libinit$$0000001B)
    __rt_lib_init_clock_1                    0x08000175   Thumb Code     0  libinit2.o(.ARM.Collect$$libinit$$00000021)
    __rt_lib_init_fp_trap_1                  0x08000175   Thumb Code     0  libinit2.o(.ARM.Collect$$libinit$$0000001F)
    __rt_lib_init_getenv_1                   0x08000175   Thumb Code     0  libinit2.o(.ARM.Collect$$libinit$$00000023)
    __rt_lib_init_heap_1                     0x08000175   Thumb Code     0  libinit2.o(.ARM.Collect$$libinit$$0000000A)
    __rt_lib_init_lc_collate_1               0x08000175   Thumb Code     0  libinit2.o(.ARM.Collect$$libinit$$00000011)
    __rt_lib_init_lc_ctype_1                 0x08000175   Thumb Code     0  libinit2.o(.ARM.Collect$$libinit$$00000013)
    __rt_lib_init_lc_monetary_1              0x08000175   Thumb Code     0  libinit2.o(.ARM.Collect$$libinit$$00000015)
    __rt_lib_init_lc_numeric_1               0x08000175   Thumb Code     0  libinit2.o(.ARM.Collect$$libinit$$00000017)
    __rt_lib_init_lc_time_1                  0x08000175   Thumb Code     0  libinit2.o(.ARM.Collect$$libinit$$00000019)
    __rt_lib_init_rand_1                     0x08000175   Thumb Code     0  libinit2.o(.ARM.Collect$$libinit$$0000000E)
    __rt_lib_init_signal_1                   0x08000175   Thumb Code     0  libinit2.o(.ARM.Collect$$libinit$$0000001D)
    __rt_lib_init_stdio_2                    0x08000175   Thumb Code     0  libinit2.o(.ARM.Collect$$libinit$$00000024)
    __rt_lib_init_user_alloc_1               0x08000175   Thumb Code     0  libinit2.o(.ARM.Collect$$libinit$$0000000C)
    __rt_lib_init_alloca_1                   0x08000179   Thumb Code     0  libinit2.o(.ARM.Collect$$libinit$$0000002E)
    __rt_lib_init_argv_1                     0x08000179   Thumb Code     0  libinit2.o(.ARM.Collect$$libinit$$0000002C)
    __rt_lib_init_cpp_1                      0x08000179   Thumb Code     0  libinit2.o(.ARM.Collect$$libinit$$00000032)
    __rt_lib_init_exceptions_1               0x08000179   Thumb Code     0  libinit2.o(.ARM.Collect$$libinit$$00000030)
    __rt_lib_init_return                     0x08000179   Thumb Code     0  libinit2.o(.ARM.Collect$$libinit$$00000033)
    __rt_lib_init_stdio_1                    0x08000179   Thumb Code     0  libinit2.o(.ARM.Collect$$libinit$$00000025)
    __rt_lib_shutdown                        0x0800017b   Thumb Code     0  libshutdown.o(.ARM.Collect$$libshutdown$$00000000)
    __rt_lib_shutdown_stdio_2                0x0800017d   Thumb Code     0  libshutdown2.o(.ARM.Collect$$libshutdown$$00000002)
    __rt_lib_shutdown_fp_trap_1              0x08000181   Thumb Code     0  libshutdown2.o(.ARM.Collect$$libshutdown$$00000006)
    __rt_lib_shutdown_heap_1                 0x08000181   Thumb Code     0  libshutdown2.o(.ARM.Collect$$libshutdown$$0000000E)
    __rt_lib_shutdown_return                 0x08000181   Thumb Code     0  libshutdown2.o(.ARM.Collect$$libshutdown$$0000000F)
    __rt_lib_shutdown_signal_1               0x08000181   Thumb Code     0  libshutdown2.o(.ARM.Collect$$libshutdown$$00000009)
    __rt_lib_shutdown_stdio_1                0x08000181   Thumb Code     0  libshutdown2.o(.ARM.Collect$$libshutdown$$00000003)
    __rt_lib_shutdown_user_alloc_1           0x08000181   Thumb Code     0  libshutdown2.o(.ARM.Collect$$libshutdown$$0000000B)
    __rt_entry                               0x08000183   Thumb Code     0  __rtentry.o(.ARM.Collect$$rtentry$$00000000)
    __rt_entry_presh_1                       0x08000183   Thumb Code     0  __rtentry2.o(.ARM.Collect$$rtentry$$00000002)
    __rt_entry_sh                            0x08000183   Thumb Code     0  __rtentry4.o(.ARM.Collect$$rtentry$$00000004)
    __rt_entry_li                            0x08000189   Thumb Code     0  __rtentry2.o(.ARM.Collect$$rtentry$$0000000A)
    __rt_entry_postsh_1                      0x08000189   Thumb Code     0  __rtentry2.o(.ARM.Collect$$rtentry$$00000009)
    __rt_entry_main                          0x0800018d   Thumb Code     0  __rtentry2.o(.ARM.Collect$$rtentry$$0000000D)
    __rt_entry_postli_1                      0x0800018d   Thumb Code     0  __rtentry2.o(.ARM.Collect$$rtentry$$0000000C)
    __rt_exit                                0x08000195   Thumb Code     0  rtexit.o(.ARM.Collect$$rtexit$$00000000)
    __rt_exit_ls                             0x08000197   Thumb Code     0  rtexit2.o(.ARM.Collect$$rtexit$$00000003)
    __rt_exit_prels_1                        0x08000197   Thumb Code     0  rtexit2.o(.ARM.Collect$$rtexit$$00000002)
    __rt_exit_exit                           0x0800019b   Thumb Code     0  rtexit2.o(.ARM.Collect$$rtexit$$00000004)
    Reset_Handler                            0x080001a1   Thumb Code     8  startup_stm32f10x_md.o(.text)
    _maybe_terminate_alloc                   0x080001a1   Thumb Code     0  maybetermalloc1.o(.emb_text)
    ADC1_2_IRQHandler                        0x080001bb   Thumb Code     0  startup_stm32f10x_md.o(.text)
    CAN1_RX1_IRQHandler                      0x080001bb   Thumb Code     0  startup_stm32f10x_md.o(.text)
    CAN1_SCE_IRQHandler                      0x080001bb   Thumb Code     0  startup_stm32f10x_md.o(.text)
    DMA1_Channel1_IRQHandler                 0x080001bb   Thumb Code     0  startup_stm32f10x_md.o(.text)
    DMA1_Channel2_IRQHandler                 0x080001bb   Thumb Code     0  startup_stm32f10x_md.o(.text)
    DMA1_Channel3_IRQHandler                 0x080001bb   Thumb Code     0  startup_stm32f10x_md.o(.text)
    DMA1_Channel4_IRQHandler                 0x080001bb   Thumb Code     0  startup_stm32f10x_md.o(.text)
    DMA1_Channel5_IRQHandler                 0x080001bb   Thumb Code     0  startup_stm32f10x_md.o(.text)
    DMA1_Channel6_IRQHandler                 0x080001bb   Thumb Code     0  startup_stm32f10x_md.o(.text)
    DMA1_Channel7_IRQHandler                 0x080001bb   Thumb Code     0  startup_stm32f10x_md.o(.text)
    EXTI0_IRQHandler                         0x080001bb   Thumb Code     0  startup_stm32f10x_md.o(.text)
    EXTI1_IRQHandler                         0x080001bb   Thumb Code     0  startup_stm32f10x_md.o(.text)
    EXTI2_IRQHandler                         0x080001bb   Thumb Code     0  startup_stm32f10x_md.o(.text)
    EXTI3_IRQHandler                         0x080001bb   Thumb Code     0  startup_stm32f10x_md.o(.text)
    EXTI4_IRQHandler                         0x080001bb   Thumb Code     0  startup_stm32f10x_md.o(.text)
    EXTI9_5_IRQHandler                       0x080001bb   Thumb Code     0  startup_stm32f10x_md.o(.text)
    FLASH_IRQHandler                         0x080001bb   Thumb Code     0  startup_stm32f10x_md.o(.text)
    I2C1_ER_IRQHandler                       0x080001bb   Thumb Code     0  startup_stm32f10x_md.o(.text)
    I2C1_EV_IRQHandler                       0x080001bb   Thumb Code     0  startup_stm32f10x_md.o(.text)
    I2C2_ER_IRQHandler                       0x080001bb   Thumb Code     0  startup_stm32f10x_md.o(.text)
    I2C2_EV_IRQHandler                       0x080001bb   Thumb Code     0  startup_stm32f10x_md.o(.text)
    PVD_IRQHandler                           0x080001bb   Thumb Code     0  startup_stm32f10x_md.o(.text)
    RCC_IRQHandler                           0x080001bb   Thumb Code     0  startup_stm32f10x_md.o(.text)
    RTCAlarm_IRQHandler                      0x080001bb   Thumb Code     0  startup_stm32f10x_md.o(.text)
    RTC_IRQHandler                           0x080001bb   Thumb Code     0  startup_stm32f10x_md.o(.text)
    SPI1_IRQHandler                          0x080001bb   Thumb Code     0  startup_stm32f10x_md.o(.text)
    SPI2_IRQHandler                          0x080001bb   Thumb Code     0  startup_stm32f10x_md.o(.text)
    TAMPER_IRQHandler                        0x080001bb   Thumb Code     0  startup_stm32f10x_md.o(.text)
    TIM1_BRK_IRQHandler                      0x080001bb   Thumb Code     0  startup_stm32f10x_md.o(.text)
    TIM1_CC_IRQHandler                       0x080001bb   Thumb Code     0  startup_stm32f10x_md.o(.text)
    TIM1_TRG_COM_IRQHandler                  0x080001bb   Thumb Code     0  startup_stm32f10x_md.o(.text)
    TIM1_UP_IRQHandler                       0x080001bb   Thumb Code     0  startup_stm32f10x_md.o(.text)
    TIM2_IRQHandler                          0x080001bb   Thumb Code     0  startup_stm32f10x_md.o(.text)
    TIM3_IRQHandler                          0x080001bb   Thumb Code     0  startup_stm32f10x_md.o(.text)
    TIM4_IRQHandler                          0x080001bb   Thumb Code     0  startup_stm32f10x_md.o(.text)
    USART2_IRQHandler                        0x080001bb   Thumb Code     0  startup_stm32f10x_md.o(.text)
    USART3_IRQHandler                        0x080001bb   Thumb Code     0  startup_stm32f10x_md.o(.text)
    USBWakeUp_IRQHandler                     0x080001bb   Thumb Code     0  startup_stm32f10x_md.o(.text)
    USB_HP_CAN1_TX_IRQHandler                0x080001bb   Thumb Code     0  startup_stm32f10x_md.o(.text)
    USB_LP_CAN1_RX0_IRQHandler               0x080001bb   Thumb Code     0  startup_stm32f10x_md.o(.text)
    WWDG_IRQHandler                          0x080001bb   Thumb Code     0  startup_stm32f10x_md.o(.text)
    __user_initial_stackheap                 0x080001bd   Thumb Code     0  startup_stm32f10x_md.o(.text)
    CH375GetVer                              0x080001e1   Thumb Code     4  CH375MAI.O(.text)
    CH375s01                                 0x080001e5   Thumb Code    32  CH375MAI.O(.text)
    CH375s17                                 0x08000219   Thumb Code    44  CH375MAI.O(.text)
    CH375s18                                 0x08000245   Thumb Code    46  CH375MAI.O(.text)
    CH375DirtyBuffer                         0x08000273   Thumb Code    16  CH375MAI.O(.text)
    CH375s42                                 0x08000283   Thumb Code    16  CH375MAI.O(.text)
    CH375s49                                 0x08000293   Thumb Code    42  CH375MAI.O(.text)
    CH375s41                                 0x080002bd   Thumb Code    26  CH375MAI.O(.text)
    CH375s40                                 0x080002d7   Thumb Code    28  CH375MAI.O(.text)
    CH375DiskConnect                         0x080002f3   Thumb Code    78  CH375MAI.O(.text)
    CH375s05                                 0x08000341   Thumb Code    50  CH375MAI.O(.text)
    CH375Reset                               0x08000373   Thumb Code    52  CH375MAI.O(.text)
    CH375s43                                 0x080003a7   Thumb Code    26  CH375MAI.O(.text)
    CH375Init                                0x080003c1   Thumb Code   186  CH375MAI.O(.text)
    CH375s13                                 0x0800047b   Thumb Code   142  CH375MAI.O(.text)
    CH375s44                                 0x08000509   Thumb Code    50  CH375MAI.O(.text)
    CH375s23                                 0x0800053b   Thumb Code   110  CH375MAI.O(.text)
    CH375s24                                 0x080005a9   Thumb Code    72  CH375MAI.O(.text)
    CH375s47                                 0x0800062b   Thumb Code   552  CH375MAI.O(.text)
    CH375s06                                 0x08000853   Thumb Code   280  CH375MAI.O(.text)
    CH375s07                                 0x0800096b   Thumb Code   334  CH375MAI.O(.text)
    CH375s25                                 0x08000ab9   Thumb Code   224  CH375MAI.O(.text)
    CH375s08                                 0x08000b99   Thumb Code   762  CH375MAI.O(.text)
    CH375s09                                 0x08000e93   Thumb Code    84  CH375MAI.O(.text)
    CH375s10                                 0x08000ee7   Thumb Code   698  CH375MAI.O(.text)
    CH375s48                                 0x080011a1   Thumb Code   460  CH375MAI.O(.text)
    CH375s11                                 0x0800136d   Thumb Code    28  CH375MAI.O(.text)
    CH375s12                                 0x08001389   Thumb Code    74  CH375MAI.O(.text)
    CH375FileOpen                            0x080013d3   Thumb Code  1374  CH375MAI.O(.text)
    CH375s15                                 0x08001931   Thumb Code    70  CH375MAI.O(.text)
    CH375FileClose                           0x08001977   Thumb Code   114  CH375MAI.O(.text)
    CH375FileErase                           0x080019e9   Thumb Code   184  CH375MAI.O(.text)
    CH375s14                                 0x08001aa1   Thumb Code    30  CH375MAI.O(.text)
    CH375FileCreate                          0x08001abf   Thumb Code   848  CH375MAI.O(.text)
    CH375FileModify                          0x08001e0f   Thumb Code   214  CH375MAI.O(.text)
    CH375DiskReady                           0x08001ee5   Thumb Code   202  CH375MAI.O(.text)
    CH375s19                                 0x08001faf   Thumb Code   166  CH375MAI.O(.text)
    CH375s20                                 0x08002055   Thumb Code   118  CH375MAI.O(.text)
    __2printf                                0x080020fd   Thumb Code    20  noretval__2printf.o(.text)
    _printf_pre_padding                      0x08002115   Thumb Code    44  _printf_pad.o(.text)
    _printf_post_padding                     0x08002141   Thumb Code    34  _printf_pad.o(.text)
    _printf_int_hex                          0x08002165   Thumb Code    84  _printf_hex_int.o(.text)
    _printf_longlong_hex                     0x08002165   Thumb Code     0  _printf_hex_int.o(.text)
    __printf                                 0x080021bd   Thumb Code   308  __printf_flags_wp.o(.text)
    __use_two_region_memory                  0x080022f5   Thumb Code     2  heapauxi.o(.text)
    __rt_heap_escrow                         0x080022f7   Thumb Code     2  heapauxi.o(.text)
    __rt_heap_expand                         0x080022f9   Thumb Code     2  heapauxi.o(.text)
    _printf_int_common                       0x080022fb   Thumb Code   178  _printf_intcommon.o(.text)
    _printf_char_file                        0x080023ad   Thumb Code    32  _printf_char_file.o(.text)
    _printf_char_common                      0x080023db   Thumb Code    32  _printf_char_common.o(.text)
    ferror                                   0x08002401   Thumb Code     8  ferror.o(.text)
    _initio                                  0x08002409   Thumb Code   210  initio.o(.text)
    _terminateio                             0x080024db   Thumb Code    56  initio.o(.text)
    _sys_open                                0x08002541   Thumb Code    20  sys_io.o(.text)
    _sys_close                               0x08002555   Thumb Code    12  sys_io.o(.text)
    _sys_write                               0x08002561   Thumb Code    16  sys_io.o(.text)
    _sys_read                                0x08002571   Thumb Code    14  sys_io.o(.text)
    _sys_istty                               0x0800257f   Thumb Code    12  sys_io.o(.text)
    _sys_seek                                0x0800258b   Thumb Code    14  sys_io.o(.text)
    _sys_ensure                              0x08002599   Thumb Code     2  sys_io.o(.text)
    _sys_flen                                0x0800259b   Thumb Code    12  sys_io.o(.text)
    __user_setup_stackheap                   0x080025a7   Thumb Code    74  sys_stackheap_outer.o(.text)
    free                                     0x080025f1   Thumb Code    78  h1_free.o(.text)
    __flsbuf                                 0x0800263f   Thumb Code   470  flsbuf.o(.text)
    __flsbuf_byte                            0x0800263f   Thumb Code     0  flsbuf.o(.text)
    __flsbuf_wide                            0x0800263f   Thumb Code     0  flsbuf.o(.text)
    setvbuf                                  0x08002815   Thumb Code    70  setvbuf.o(.text)
    freopen                                  0x0800285d   Thumb Code   158  fopen.o(.text)
    fopen                                    0x080028fb   Thumb Code    74  fopen.o(.text)
    _fclose_internal                         0x08002949   Thumb Code    76  fclose.o(.text)
    fclose                                   0x08002949   Thumb Code     0  fclose.o(.text)
    exit                                     0x08002995   Thumb Code    12  exit.o(.text)
    __rt_SIGRTRED                            0x080029a1   Thumb Code    14  defsig_rtred_outer.o(.text)
    __aeabi_memclr4                          0x080029af   Thumb Code     0  rt_memclr_w.o(.text)
    __aeabi_memclr8                          0x080029af   Thumb Code     0  rt_memclr_w.o(.text)
    __rt_memclr_w                            0x080029af   Thumb Code    78  rt_memclr_w.o(.text)
    _memset_w                                0x080029b3   Thumb Code     0  rt_memclr_w.o(.text)
    __user_libspace                          0x080029fd   Thumb Code     8  libspace.o(.text)
    __user_perproc_libspace                  0x080029fd   Thumb Code     0  libspace.o(.text)
    __user_perthread_libspace                0x080029fd   Thumb Code     0  libspace.o(.text)
    __I$use$semihosting                      0x08002a05   Thumb Code     0  use_no_semi.o(.text)
    __use_no_semihosting_swi                 0x08002a05   Thumb Code     2  use_no_semi.o(.text)
    __semihosting_library_function           0x08002a07   Thumb Code     0  indicate_semi.o(.text)
    __rt_heap_descriptor                     0x08002a09   Thumb Code     8  rt_heap_descriptor_intlibspace.o(.text)
    __use_no_heap                            0x08002a11   Thumb Code     2  hguard.o(.text)
    __heap$guard                             0x08002a13   Thumb Code     2  hguard.o(.text)
    _terminate_user_alloc                    0x08002a15   Thumb Code     2  init_alloc.o(.text)
    _init_user_alloc                         0x08002a17   Thumb Code     2  init_alloc.o(.text)
    __Heap_Full                              0x08002a19   Thumb Code    34  init_alloc.o(.text)
    __Heap_Broken                            0x08002a3b   Thumb Code     6  init_alloc.o(.text)
    _init_alloc                              0x08002a41   Thumb Code    94  init_alloc.o(.text)
    malloc                                   0x08002a9f   Thumb Code    94  h1_alloc.o(.text)
    _fseek                                   0x08002afd   Thumb Code   242  fseek.o(.text)
    fseek                                    0x08002afd   Thumb Code     0  fseek.o(.text)
    _seterr                                  0x08002bf5   Thumb Code    20  stdio.o(.text)
    _writebuf                                0x08002c09   Thumb Code    84  stdio.o(.text)
    _fflush                                  0x08002c5d   Thumb Code    70  stdio.o(.text)
    _deferredlazyseek                        0x08002ca3   Thumb Code    60  stdio.o(.text)
    __sig_exit                               0x08002ce5   Thumb Code    10  defsig_exit.o(.text)
    __rt_SIGRTRED_inner                      0x08002cf1   Thumb Code    14  defsig_rtred_inner.o(.text)
    strlen                                   0x08002d25   Thumb Code    62  strlen.o(.text)
    _sys_exit                                0x08002d65   Thumb Code     8  sys_exit.o(.text)
    __Heap_Initialize                        0x08002d71   Thumb Code    10  h1_init.o(.text)
    __Heap_DescSize                          0x08002d7b   Thumb Code     4  h1_init.o(.text)
    __Heap_ProvideMemory                     0x08002d7f   Thumb Code    52  h1_extend.o(.text)
    _ftell_internal                          0x08002db3   Thumb Code    66  ftell.o(.text)
    ftell                                    0x08002db3   Thumb Code     0  ftell.o(.text)
    __default_signal_display                 0x08002df5   Thumb Code    50  defsig_general.o(.text)
    __rt_SIGRTMEM                            0x08002e27   Thumb Code    14  defsig_rtmem_outer.o(.text)
    _ttywrch                                 0x08002e35   Thumb Code    14  sys_wrch.o(.text)
    __aeabi_errno_addr                       0x08002e45   Thumb Code     8  rt_errno_addr_intlibspace.o(.text)
    __errno$intlibspace                      0x08002e45   Thumb Code     0  rt_errno_addr_intlibspace.o(.text)
    __rt_errno_addr$intlibspace              0x08002e45   Thumb Code     0  rt_errno_addr_intlibspace.o(.text)
    __rt_SIGRTMEM_inner                      0x08002e4d   Thumb Code    22  defsig_rtmem_inner.o(.text)
    BusFault_Handler                         0x08002e9d   Thumb Code     4  stm32f10x_it.o(i.BusFault_Handler)
    CH375LibInit                             0x08002ea1   Thumb Code    32  main.o(i.CH375LibInit)
    CH375_Init                               0x08002ecd   Thumb Code   200  ch375.o(i.CH375_Init)
    DebugMon_Handler                         0x08002fa1   Thumb Code     2  stm32f10x_it.o(i.DebugMon_Handler)
    EXTI15_10_IRQHandler                     0x08002fa5   Thumb Code    66  ch375.o(i.EXTI15_10_IRQHandler)
    EXTI_ClearITPendingBit                   0x08002ff1   Thumb Code     6  stm32f10x_exti.o(i.EXTI_ClearITPendingBit)
    EXTI_GetITStatus                         0x08002ffd   Thumb Code    34  stm32f10x_exti.o(i.EXTI_GetITStatus)
    EXTI_Init                                0x08003025   Thumb Code   142  stm32f10x_exti.o(i.EXTI_Init)
    FLASH_PrefetchBufferCmd                  0x080030b9   Thumb Code    22  stm32f10x_flash.o(i.FLASH_PrefetchBufferCmd)
    FLASH_SetLatency                         0x080030d5   Thumb Code    18  stm32f10x_flash.o(i.FLASH_SetLatency)
    GPIO_EXTILineConfig                      0x080030ed   Thumb Code    60  stm32f10x_gpio.o(i.GPIO_EXTILineConfig)
    GPIO_Init                                0x0800312d   Thumb Code   278  stm32f10x_gpio.o(i.GPIO_Init)
    GPIO_PinRemapConfig                      0x08003245   Thumb Code   138  stm32f10x_gpio.o(i.GPIO_PinRemapConfig)
    HardFault_Handler                        0x080032d5   Thumb Code     4  stm32f10x_it.o(i.HardFault_Handler)
    MemManage_Handler                        0x080032d9   Thumb Code     4  stm32f10x_it.o(i.MemManage_Handler)
    NMI_Handler                              0x080032dd   Thumb Code     2  stm32f10x_it.o(i.NMI_Handler)
    NVIC_Init                                0x080032e1   Thumb Code   100  misc.o(i.NVIC_Init)
    NVIC_PriorityGroupConfig                 0x08003351   Thumb Code    10  misc.o(i.NVIC_PriorityGroupConfig)
    Nvic_Init                                0x08003365   Thumb Code   100  main.o(i.Nvic_Init)
    PendSV_Handler                           0x080033c9   Thumb Code     2  stm32f10x_it.o(i.PendSV_Handler)
    RCC_AHBPeriphClockCmd                    0x080033cd   Thumb Code    26  stm32f10x_rcc.o(i.RCC_AHBPeriphClockCmd)
    RCC_APB1PeriphClockCmd                   0x080033ed   Thumb Code    26  stm32f10x_rcc.o(i.RCC_APB1PeriphClockCmd)
    RCC_APB1PeriphResetCmd                   0x0800340d   Thumb Code    26  stm32f10x_rcc.o(i.RCC_APB1PeriphResetCmd)
    RCC_APB2PeriphClockCmd                   0x0800342d   Thumb Code    26  stm32f10x_rcc.o(i.RCC_APB2PeriphClockCmd)
    RCC_APB2PeriphResetCmd                   0x0800344d   Thumb Code    26  stm32f10x_rcc.o(i.RCC_APB2PeriphResetCmd)
    RCC_Configuration                        0x0800346d   Thumb Code   134  main.o(i.RCC_Configuration)
    RCC_DeInit                               0x080034f9   Thumb Code    64  stm32f10x_rcc.o(i.RCC_DeInit)
    RCC_GetClocksFreq                        0x08003545   Thumb Code   192  stm32f10x_rcc.o(i.RCC_GetClocksFreq)
    RCC_GetFlagStatus                        0x08003619   Thumb Code    56  stm32f10x_rcc.o(i.RCC_GetFlagStatus)
    RCC_GetSYSCLKSource                      0x08003655   Thumb Code    10  stm32f10x_rcc.o(i.RCC_GetSYSCLKSource)
    RCC_HCLKConfig                           0x08003665   Thumb Code    18  stm32f10x_rcc.o(i.RCC_HCLKConfig)
    RCC_HSEConfig                            0x0800367d   Thumb Code    70  stm32f10x_rcc.o(i.RCC_HSEConfig)
    RCC_PCLK1Config                          0x080036c9   Thumb Code    18  stm32f10x_rcc.o(i.RCC_PCLK1Config)
    RCC_PCLK2Config                          0x080036e1   Thumb Code    20  stm32f10x_rcc.o(i.RCC_PCLK2Config)
    RCC_PLLCmd                               0x080036f9   Thumb Code     6  stm32f10x_rcc.o(i.RCC_PLLCmd)
    RCC_PLLConfig                            0x08003705   Thumb Code    24  stm32f10x_rcc.o(i.RCC_PLLConfig)
    RCC_SYSCLKConfig                         0x08003721   Thumb Code    18  stm32f10x_rcc.o(i.RCC_SYSCLKConfig)
    RCC_WaitForHSEStartUp                    0x08003739   Thumb Code    56  stm32f10x_rcc.o(i.RCC_WaitForHSEStartUp)
    SVC_Handler                              0x08003771   Thumb Code     2  stm32f10x_it.o(i.SVC_Handler)
    SysTick_CLKSourceConfig                  0x0800385d   Thumb Code    40  misc.o(i.SysTick_CLKSourceConfig)
    SysTick_Handler                          0x08003885   Thumb Code     2  stm32f10x_it.o(i.SysTick_Handler)
    SystemInit                               0x08003889   Thumb Code    78  system_stm32f10x.o(i.SystemInit)
    USART1_IRQHandler                        0x080038e9   Thumb Code   102  uart.o(i.USART1_IRQHandler)
    USART_ClearFlag                          0x08003961   Thumb Code    18  stm32f10x_usart.o(i.USART_ClearFlag)
    USART_Cmd                                0x08003973   Thumb Code    24  stm32f10x_usart.o(i.USART_Cmd)
    USART_DeInit                             0x0800398d   Thumb Code   134  stm32f10x_usart.o(i.USART_DeInit)
    USART_GetFlagStatus                      0x08003a29   Thumb Code    26  stm32f10x_usart.o(i.USART_GetFlagStatus)
    USART_ITConfig                           0x08003a43   Thumb Code    74  stm32f10x_usart.o(i.USART_ITConfig)
    USART_Init                               0x08003a8d   Thumb Code   210  stm32f10x_usart.o(i.USART_Init)
    USART_ReceiveData                        0x08003b65   Thumb Code    10  stm32f10x_usart.o(i.USART_ReceiveData)
    USART_SendData                           0x08003b6f   Thumb Code     8  stm32f10x_usart.o(i.USART_SendData)
    Uart1_Init                               0x08003b79   Thumb Code   144  uart.o(i.Uart1_Init)
    UsageFault_Handler                       0x08003c11   Thumb Code     4  stm32f10x_it.o(i.UsageFault_Handler)
    _is_digit                                0x08003c15   Thumb Code    14  __printf_wp.o(i._is_digit)
    delay_init                               0x08003c25   Thumb Code    50  delay.o(i.delay_init)
    delay_ms                                 0x08003c69   Thumb Code    72  delay.o(i.delay_ms)
    delay_us                                 0x08003cb5   Thumb Code    72  delay.o(i.delay_us)
    fputc                                    0x08003d01   Thumb Code    26  fputc.o(i.fputc)
    mStopIfError                             0x08003d1d   Thumb Code    20  main.o(i.mStopIfError)
    main                                     0x08003d41   Thumb Code    86  main.o(i.main)
    xDelay100uS                              0x08003dc5   Thumb Code    14  main.o(i.xDelay100uS)
    xDelayAfterWrite                         0x08003dd3   Thumb Code    14  main.o(i.xDelayAfterWrite)
    xFileNameEnumer                          0x08003de1   Thumb Code     2  main.o(i.xFileNameEnumer)
    xQueryInterrupt                          0x08003de5   Thumb Code    62  main.o(i.xQueryInterrupt)
    xReadCH375Cmd                            0x08003e2d   Thumb Code     4  ch375.o(i.xReadCH375Cmd)
    xReadCH375Data                           0x08003e31   Thumb Code    26  ch375.o(i.xReadCH375Data)
    xWriteCH375Cmd                           0x08003e51   Thumb Code    36  ch375.o(i.xWriteCH375Cmd)
    xWriteCH375Data                          0x08003e79   Thumb Code    34  ch375.o(i.xWriteCH375Data)
    __stdin_name                             0x08003ed9   Data           4  sys_io.o(.constdata)
    __stdout_name                            0x08003edd   Data           4  sys_io.o(.constdata)
    __stderr_name                            0x08003ee1   Data           4  sys_io.o(.constdata)
    Region$$Table$$Base                      0x08003ee8   Number         0  anon$$obj.o(Region$$Table)
    Region$$Table$$Limit                     0x08003f08   Number         0  anon$$obj.o(Region$$Table)
    SystemCoreClock                          0x20000000   Data           4  system_stm32f10x.o(.data)
    AHBPrescTable                            0x20000004   Data          16  system_stm32f10x.o(.data)
    TxCount                                  0x20000018   Data           1  uart.o(.data)
    Count                                    0x20000019   Data           1  uart.o(.data)
    CH375IntStatus                           0x20000030   Data           1  CH375MAI.O(.data)
    CH375DiskStatus                          0x20000031   Data           1  CH375MAI.O(.data)
    CH375LibConfig                           0x20000032   Data           1  CH375MAI.O(.data)
    CH375vDiskFat                            0x20000033   Data           1  CH375MAI.O(.data)
    CH375vSecPerClus                         0x20000034   Data           1  CH375MAI.O(.data)
    CH375vStartCluster                       0x20000038   Data           4  CH375MAI.O(.data)
    CH375vFileSize                           0x2000003c   Data           4  CH375MAI.O(.data)
    CH375vCurrentOffset                      0x20000040   Data           4  CH375MAI.O(.data)
    CH375vDiskRoot                           0x20000044   Data           4  CH375MAI.O(.data)
    CH375vDataStart                          0x20000048   Data           4  CH375MAI.O(.data)
    CH375vFdtLba                             0x2000004c   Data           4  CH375MAI.O(.data)
    CH375vFdtOffset                          0x20000050   Data           2  CH375MAI.O(.data)
    CH375Version2                            0x20000052   Data           1  CH375MAI.O(.data)
    CH375vSectorSize                         0x20000054   Data           2  CH375MAI.O(.data)
    pDISK_BASE_BUF                           0x20000058   Data           4  CH375MAI.O(.data)
    CH375v01                                 0x2000005c   Data           4  CH375MAI.O(.data)
    CH375v02                                 0x20000060   Data           4  CH375MAI.O(.data)
    CH375v03                                 0x20000064   Data           4  CH375MAI.O(.data)
    CH375v04                                 0x20000068   Data           2  CH375MAI.O(.data)
    CH375v06                                 0x2000006a   Data           2  CH375MAI.O(.data)
    CH375v07                                 0x2000006c   Data           1  CH375MAI.O(.data)
    CH375v08                                 0x20000070   Data           4  CH375MAI.O(.data)
    CH375v09                                 0x20000074   Data           4  CH375MAI.O(.data)
    CH375v11                                 0x20000078   Data           1  CH375MAI.O(.data)
    CH375v12                                 0x20000079   Data           1  CH375MAI.O(.data)
    CH375v13                                 0x2000007a   Data           1  CH375MAI.O(.data)
    CH375v14                                 0x2000007c   Data           4  CH375MAI.O(.data)
    CH375v17                                 0x20000080   Data           4  CH375MAI.O(.data)
    CH375v18                                 0x20000084   Data           1  CH375MAI.O(.data)
    CH375v19                                 0x20000088   Data           4  CH375MAI.O(.data)
    CH375v25                                 0x2000008c   Data           4  CH375MAI.O(.data)
    CH375v26                                 0x20000090   Data           1  CH375MAI.O(.data)
    __aeabi_stdin                            0x20000094   Data           4  stdio_streams.o(.data)
    __aeabi_stdout                           0x20000098   Data           4  stdio_streams.o(.data)
    __aeabi_stderr                           0x2000009c   Data           4  stdio_streams.o(.data)
    mCmdParam                                0x200000a0   Data          32  main.o(.bss)
    DISK_BASE_BUF                            0x200000c0   Data         512  main.o(.bss)
    RxBuffer                                 0x200003c0   Data          50  uart.o(.bss)
    __stdin                                  0x200003f4   Data          84  stdio_streams.o(.bss)
    __stdout                                 0x20000448   Data          84  stdio_streams.o(.bss)
    __stderr                                 0x2000049c   Data          84  stdio_streams.o(.bss)
    __libspace_start                         0x200004f0   Data          96  libspace.o(.bss)
    __temporary_stack_top$libspace           0x20000550   Data           0  libspace.o(.bss)



==============================================================================

Memory Map of the image

  Image Entry point : 0x080000ed

  Load Region LR_IROM1 (Base: 0x08000000, Size: 0x00003fa8, Max: 0x00010000, ABSOLUTE)

    Execution Region ER_IROM1 (Base: 0x08000000, Size: 0x00003f08, Max: 0x00010000, ABSOLUTE)

    Base Addr    Size         Type   Attr      Idx    E Section Name        Object

    0x08000000   0x000000ec   Data   RO          457    RESET               startup_stm32f10x_md.o
    0x080000ec   0x00000008   Code   RO         2953  * !!!main             c_w.l(__main.o)
    0x080000f4   0x00000034   Code   RO         3303    !!!scatter          c_w.l(__scatter.o)
    0x08000128   0x0000001a   Code   RO         3305    !!handler_copy      c_w.l(__scatter_copy.o)
    0x08000142   0x00000002   PAD
    0x08000144   0x0000001c   Code   RO         3307    !!handler_zi        c_w.l(__scatter_zi.o)
    0x08000160   0x00000000   Code   RO         2950    .ARM.Collect$$_printf_percent$$00000000  c_w.l(_printf_percent.o)
    0x08000160   0x00000006   Code   RO         2949    .ARM.Collect$$_printf_percent$$0000000C  c_w.l(_printf_x.o)
    0x08000166   0x00000004   Code   RO         2960    .ARM.Collect$$_printf_percent$$00000017  c_w.l(_printf_percent_end.o)
    0x0800016a   0x00000002   Code   RO         3091    .ARM.Collect$$libinit$$00000000  c_w.l(libinit.o)
    0x0800016c   0x00000000   Code   RO         3093    .ARM.Collect$$libinit$$00000002  c_w.l(libinit2.o)
    0x0800016c   0x00000000   Code   RO         3095    .ARM.Collect$$libinit$$00000004  c_w.l(libinit2.o)
    0x0800016c   0x00000008   Code   RO         3096    .ARM.Collect$$libinit$$00000005  c_w.l(libinit2.o)
    0x08000174   0x00000000   Code   RO         3098    .ARM.Collect$$libinit$$0000000A  c_w.l(libinit2.o)
    0x08000174   0x00000000   Code   RO         3100    .ARM.Collect$$libinit$$0000000C  c_w.l(libinit2.o)
    0x08000174   0x00000000   Code   RO         3102    .ARM.Collect$$libinit$$0000000E  c_w.l(libinit2.o)
    0x08000174   0x00000000   Code   RO         3105    .ARM.Collect$$libinit$$00000011  c_w.l(libinit2.o)
    0x08000174   0x00000000   Code   RO         3107    .ARM.Collect$$libinit$$00000013  c_w.l(libinit2.o)
    0x08000174   0x00000000   Code   RO         3109    .ARM.Collect$$libinit$$00000015  c_w.l(libinit2.o)
    0x08000174   0x00000000   Code   RO         3111    .ARM.Collect$$libinit$$00000017  c_w.l(libinit2.o)
    0x08000174   0x00000000   Code   RO         3113    .ARM.Collect$$libinit$$00000019  c_w.l(libinit2.o)
    0x08000174   0x00000000   Code   RO         3115    .ARM.Collect$$libinit$$0000001B  c_w.l(libinit2.o)
    0x08000174   0x00000000   Code   RO         3117    .ARM.Collect$$libinit$$0000001D  c_w.l(libinit2.o)
    0x08000174   0x00000000   Code   RO         3119    .ARM.Collect$$libinit$$0000001F  c_w.l(libinit2.o)
    0x08000174   0x00000000   Code   RO         3121    .ARM.Collect$$libinit$$00000021  c_w.l(libinit2.o)
    0x08000174   0x00000000   Code   RO         3123    .ARM.Collect$$libinit$$00000023  c_w.l(libinit2.o)
    0x08000174   0x00000004   Code   RO         3124    .ARM.Collect$$libinit$$00000024  c_w.l(libinit2.o)
    0x08000178   0x00000000   Code   RO         3125    .ARM.Collect$$libinit$$00000025  c_w.l(libinit2.o)
    0x08000178   0x00000000   Code   RO         3129    .ARM.Collect$$libinit$$0000002C  c_w.l(libinit2.o)
    0x08000178   0x00000000   Code   RO         3131    .ARM.Collect$$libinit$$0000002E  c_w.l(libinit2.o)
    0x08000178   0x00000000   Code   RO         3133    .ARM.Collect$$libinit$$00000030  c_w.l(libinit2.o)
    0x08000178   0x00000000   Code   RO         3135    .ARM.Collect$$libinit$$00000032  c_w.l(libinit2.o)
    0x08000178   0x00000002   Code   RO         3136    .ARM.Collect$$libinit$$00000033  c_w.l(libinit2.o)
    0x0800017a   0x00000002   Code   RO         3282    .ARM.Collect$$libshutdown$$00000000  c_w.l(libshutdown.o)
    0x0800017c   0x00000004   Code   RO         3138    .ARM.Collect$$libshutdown$$00000002  c_w.l(libshutdown2.o)
    0x08000180   0x00000000   Code   RO         3139    .ARM.Collect$$libshutdown$$00000003  c_w.l(libshutdown2.o)
    0x08000180   0x00000000   Code   RO         3142    .ARM.Collect$$libshutdown$$00000006  c_w.l(libshutdown2.o)
    0x08000180   0x00000000   Code   RO         3145    .ARM.Collect$$libshutdown$$00000009  c_w.l(libshutdown2.o)
    0x08000180   0x00000000   Code   RO         3147    .ARM.Collect$$libshutdown$$0000000B  c_w.l(libshutdown2.o)
    0x08000180   0x00000000   Code   RO         3150    .ARM.Collect$$libshutdown$$0000000E  c_w.l(libshutdown2.o)
    0x08000180   0x00000002   Code   RO         3151    .ARM.Collect$$libshutdown$$0000000F  c_w.l(libshutdown2.o)
    0x08000182   0x00000000   Code   RO         2955    .ARM.Collect$$rtentry$$00000000  c_w.l(__rtentry.o)
    0x08000182   0x00000000   Code   RO         2968    .ARM.Collect$$rtentry$$00000002  c_w.l(__rtentry2.o)
    0x08000182   0x00000006   Code   RO         2980    .ARM.Collect$$rtentry$$00000004  c_w.l(__rtentry4.o)
    0x08000188   0x00000000   Code   RO         2970    .ARM.Collect$$rtentry$$00000009  c_w.l(__rtentry2.o)
    0x08000188   0x00000004   Code   RO         2971    .ARM.Collect$$rtentry$$0000000A  c_w.l(__rtentry2.o)
    0x0800018c   0x00000000   Code   RO         2973    .ARM.Collect$$rtentry$$0000000C  c_w.l(__rtentry2.o)
    0x0800018c   0x00000008   Code   RO         2974    .ARM.Collect$$rtentry$$0000000D  c_w.l(__rtentry2.o)
    0x08000194   0x00000002   Code   RO         3160    .ARM.Collect$$rtexit$$00000000  c_w.l(rtexit.o)
    0x08000196   0x00000000   Code   RO         3218    .ARM.Collect$$rtexit$$00000002  c_w.l(rtexit2.o)
    0x08000196   0x00000004   Code   RO         3219    .ARM.Collect$$rtexit$$00000003  c_w.l(rtexit2.o)
    0x0800019a   0x00000006   Code   RO         3220    .ARM.Collect$$rtexit$$00000004  c_w.l(rtexit2.o)
    0x080001a0   0x00000000   Code   RO         3224    .emb_text           c_w.l(maybetermalloc1.o)
    0x080001a0   0x00000040   Code   RO          458    .text               startup_stm32f10x_md.o
    0x080001e0   0x00001f1c   Code   RO         2895    .text               CH375HFM.LIB(CH375MAI.O)
    0x080020fc   0x00000018   Code   RO         2902    .text               c_w.l(noretval__2printf.o)
    0x08002114   0x0000004e   Code   RO         2906    .text               c_w.l(_printf_pad.o)
    0x08002162   0x00000002   PAD
    0x08002164   0x00000058   Code   RO         2911    .text               c_w.l(_printf_hex_int.o)
    0x080021bc   0x00000138   Code   RO         2941    .text               c_w.l(__printf_flags_wp.o)
    0x080022f4   0x00000006   Code   RO         2951    .text               c_w.l(heapauxi.o)
    0x080022fa   0x000000b2   Code   RO         2956    .text               c_w.l(_printf_intcommon.o)
    0x080023ac   0x00000024   Code   RO         2958    .text               c_w.l(_printf_char_file.o)
    0x080023d0   0x00000030   Code   RO         2982    .text               c_w.l(_printf_char_common.o)
    0x08002400   0x00000008   Code   RO         2984    .text               c_w.l(ferror.o)
    0x08002408   0x00000138   Code   RO         2990    .text               c_w.l(initio.o)
    0x08002540   0x00000066   Code   RO         2998    .text               c_w.l(sys_io.o)
    0x080025a6   0x0000004a   Code   RO         3005    .text               c_w.l(sys_stackheap_outer.o)
    0x080025f0   0x0000004e   Code   RO         3009    .text               c_w.l(h1_free.o)
    0x0800263e   0x000001d6   Code   RO         3065    .text               c_w.l(flsbuf.o)
    0x08002814   0x00000046   Code   RO         3067    .text               c_w.l(setvbuf.o)
    0x0800285a   0x00000002   PAD
    0x0800285c   0x000000ec   Code   RO         3070    .text               c_w.l(fopen.o)
    0x08002948   0x0000004c   Code   RO         3072    .text               c_w.l(fclose.o)
    0x08002994   0x0000000c   Code   RO         3078    .text               c_w.l(exit.o)
    0x080029a0   0x0000000e   Code   RO         3080    .text               c_w.l(defsig_rtred_outer.o)
    0x080029ae   0x0000004e   Code   RO         3084    .text               c_w.l(rt_memclr_w.o)
    0x080029fc   0x00000008   Code   RO         3154    .text               c_w.l(libspace.o)
    0x08002a04   0x00000002   Code   RO         3157    .text               c_w.l(use_no_semi.o)
    0x08002a06   0x00000000   Code   RO         3159    .text               c_w.l(indicate_semi.o)
    0x08002a06   0x00000002   PAD
    0x08002a08   0x00000008   Code   RO         3167    .text               c_w.l(rt_heap_descriptor_intlibspace.o)
    0x08002a10   0x00000004   Code   RO         3169    .text               c_w.l(hguard.o)
    0x08002a14   0x0000008a   Code   RO         3171    .text               c_w.l(init_alloc.o)
    0x08002a9e   0x0000005e   Code   RO         3177    .text               c_w.l(h1_alloc.o)
    0x08002afc   0x000000f8   Code   RO         3193    .text               c_w.l(fseek.o)
    0x08002bf4   0x000000f0   Code   RO         3195    .text               c_w.l(stdio.o)
    0x08002ce4   0x0000000a   Code   RO         3201    .text               c_w.l(defsig_exit.o)
    0x08002cee   0x00000002   PAD
    0x08002cf0   0x00000034   Code   RO         3203    .text               c_w.l(defsig_rtred_inner.o)
    0x08002d24   0x0000003e   Code   RO         3207    .text               c_w.l(strlen.o)
    0x08002d62   0x00000002   PAD
    0x08002d64   0x0000000c   Code   RO         3215    .text               c_w.l(sys_exit.o)
    0x08002d70   0x0000000e   Code   RO         3226    .text               c_w.l(h1_init.o)
    0x08002d7e   0x00000034   Code   RO         3228    .text               c_w.l(h1_extend.o)
    0x08002db2   0x00000042   Code   RO         3238    .text               c_w.l(ftell.o)
    0x08002df4   0x00000032   Code   RO         3246    .text               c_w.l(defsig_general.o)
    0x08002e26   0x0000000e   Code   RO         3248    .text               c_w.l(defsig_rtmem_outer.o)
    0x08002e34   0x0000000e   Code   RO         3263    .text               c_w.l(sys_wrch.o)
    0x08002e42   0x00000002   PAD
    0x08002e44   0x00000008   Code   RO         3270    .text               c_w.l(rt_errno_addr_intlibspace.o)
    0x08002e4c   0x00000050   Code   RO         3276    .text               c_w.l(defsig_rtmem_inner.o)
    0x08002e9c   0x00000004   Code   RO          184    i.BusFault_Handler  stm32f10x_it.o
    0x08002ea0   0x0000002c   Code   RO            3    i.CH375LibInit      main.o
    0x08002ecc   0x000000d4   Code   RO         2842    i.CH375_Init        ch375.o
    0x08002fa0   0x00000002   Code   RO          185    i.DebugMon_Handler  stm32f10x_it.o
    0x08002fa2   0x00000002   PAD
    0x08002fa4   0x0000004c   Code   RO         2843    i.EXTI15_10_IRQHandler  ch375.o
    0x08002ff0   0x0000000c   Code   RO          889    i.EXTI_ClearITPendingBit  stm32f10x_exti.o
    0x08002ffc   0x00000028   Code   RO          893    i.EXTI_GetITStatus  stm32f10x_exti.o
    0x08003024   0x00000094   Code   RO          894    i.EXTI_Init         stm32f10x_exti.o
    0x080030b8   0x0000001c   Code   RO          959    i.FLASH_PrefetchBufferCmd  stm32f10x_flash.o
    0x080030d4   0x00000018   Code   RO          964    i.FLASH_SetLatency  stm32f10x_flash.o
    0x080030ec   0x00000040   Code   RO         1119    i.GPIO_EXTILineConfig  stm32f10x_gpio.o
    0x0800312c   0x00000116   Code   RO         1122    i.GPIO_Init         stm32f10x_gpio.o
    0x08003242   0x00000002   PAD
    0x08003244   0x00000090   Code   RO         1124    i.GPIO_PinRemapConfig  stm32f10x_gpio.o
    0x080032d4   0x00000004   Code   RO          186    i.HardFault_Handler  stm32f10x_it.o
    0x080032d8   0x00000004   Code   RO          187    i.MemManage_Handler  stm32f10x_it.o
    0x080032dc   0x00000002   Code   RO          188    i.NMI_Handler       stm32f10x_it.o
    0x080032de   0x00000002   PAD
    0x080032e0   0x00000070   Code   RO          462    i.NVIC_Init         misc.o
    0x08003350   0x00000014   Code   RO          463    i.NVIC_PriorityGroupConfig  misc.o
    0x08003364   0x00000064   Code   RO            4    i.Nvic_Init         main.o
    0x080033c8   0x00000002   Code   RO          189    i.PendSV_Handler    stm32f10x_it.o
    0x080033ca   0x00000002   PAD
    0x080033cc   0x00000020   Code   RO         1495    i.RCC_AHBPeriphClockCmd  stm32f10x_rcc.o
    0x080033ec   0x00000020   Code   RO         1496    i.RCC_APB1PeriphClockCmd  stm32f10x_rcc.o
    0x0800340c   0x00000020   Code   RO         1497    i.RCC_APB1PeriphResetCmd  stm32f10x_rcc.o
    0x0800342c   0x00000020   Code   RO         1498    i.RCC_APB2PeriphClockCmd  stm32f10x_rcc.o
    0x0800344c   0x00000020   Code   RO         1499    i.RCC_APB2PeriphResetCmd  stm32f10x_rcc.o
    0x0800346c   0x0000008c   Code   RO            5    i.RCC_Configuration  main.o
    0x080034f8   0x0000004c   Code   RO         1505    i.RCC_DeInit        stm32f10x_rcc.o
    0x08003544   0x000000d4   Code   RO         1506    i.RCC_GetClocksFreq  stm32f10x_rcc.o
    0x08003618   0x0000003c   Code   RO         1507    i.RCC_GetFlagStatus  stm32f10x_rcc.o
    0x08003654   0x00000010   Code   RO         1509    i.RCC_GetSYSCLKSource  stm32f10x_rcc.o
    0x08003664   0x00000018   Code   RO         1510    i.RCC_HCLKConfig    stm32f10x_rcc.o
    0x0800367c   0x0000004c   Code   RO         1511    i.RCC_HSEConfig     stm32f10x_rcc.o
    0x080036c8   0x00000018   Code   RO         1517    i.RCC_PCLK1Config   stm32f10x_rcc.o
    0x080036e0   0x00000018   Code   RO         1518    i.RCC_PCLK2Config   stm32f10x_rcc.o
    0x080036f8   0x0000000c   Code   RO         1519    i.RCC_PLLCmd        stm32f10x_rcc.o
    0x08003704   0x0000001c   Code   RO         1520    i.RCC_PLLConfig     stm32f10x_rcc.o
    0x08003720   0x00000018   Code   RO         1523    i.RCC_SYSCLKConfig  stm32f10x_rcc.o
    0x08003738   0x00000038   Code   RO         1525    i.RCC_WaitForHSEStartUp  stm32f10x_rcc.o
    0x08003770   0x00000002   Code   RO          190    i.SVC_Handler       stm32f10x_it.o
    0x08003772   0x00000008   Code   RO          257    i.SetSysClock       system_stm32f10x.o
    0x0800377a   0x00000002   PAD
    0x0800377c   0x000000e0   Code   RO          258    i.SetSysClockTo72   system_stm32f10x.o
    0x0800385c   0x00000028   Code   RO          466    i.SysTick_CLKSourceConfig  misc.o
    0x08003884   0x00000002   Code   RO          191    i.SysTick_Handler   stm32f10x_it.o
    0x08003886   0x00000002   PAD
    0x08003888   0x00000060   Code   RO          260    i.SystemInit        system_stm32f10x.o
    0x080038e8   0x00000078   Code   RO          385    i.USART1_IRQHandler  uart.o
    0x08003960   0x00000012   Code   RO         2662    i.USART_ClearFlag   stm32f10x_usart.o
    0x08003972   0x00000018   Code   RO         2666    i.USART_Cmd         stm32f10x_usart.o
    0x0800398a   0x00000002   PAD
    0x0800398c   0x0000009c   Code   RO         2668    i.USART_DeInit      stm32f10x_usart.o
    0x08003a28   0x0000001a   Code   RO         2669    i.USART_GetFlagStatus  stm32f10x_usart.o
    0x08003a42   0x0000004a   Code   RO         2672    i.USART_ITConfig    stm32f10x_usart.o
    0x08003a8c   0x000000d8   Code   RO         2673    i.USART_Init        stm32f10x_usart.o
    0x08003b64   0x0000000a   Code   RO         2680    i.USART_ReceiveData  stm32f10x_usart.o
    0x08003b6e   0x00000008   Code   RO         2683    i.USART_SendData    stm32f10x_usart.o
    0x08003b76   0x00000002   PAD
    0x08003b78   0x00000098   Code   RO          386    i.Uart1_Init        uart.o
    0x08003c10   0x00000004   Code   RO          192    i.UsageFault_Handler  stm32f10x_it.o
    0x08003c14   0x0000000e   Code   RO         2939    i._is_digit         c_w.l(__printf_wp.o)
    0x08003c22   0x00000002   PAD
    0x08003c24   0x00000044   Code   RO          349    i.delay_init        delay.o
    0x08003c68   0x0000004c   Code   RO          350    i.delay_ms          delay.o
    0x08003cb4   0x0000004c   Code   RO          351    i.delay_us          delay.o
    0x08003d00   0x0000001a   Code   RO         2987    i.fputc             c_w.l(fputc.o)
    0x08003d1a   0x00000002   PAD
    0x08003d1c   0x00000024   Code   RO            6    i.mStopIfError      main.o
    0x08003d40   0x00000084   Code   RO            7    i.main              main.o
    0x08003dc4   0x0000000e   Code   RO            8    i.xDelay100uS       main.o
    0x08003dd2   0x0000000e   Code   RO            9    i.xDelayAfterWrite  main.o
    0x08003de0   0x00000002   Code   RO           10    i.xFileNameEnumer   main.o
    0x08003de2   0x00000002   PAD
    0x08003de4   0x00000048   Code   RO           11    i.xQueryInterrupt   main.o
    0x08003e2c   0x00000004   Code   RO         2844    i.xReadCH375Cmd     ch375.o
    0x08003e30   0x00000020   Code   RO         2845    i.xReadCH375Data    ch375.o
    0x08003e50   0x00000028   Code   RO         2846    i.xWriteCH375Cmd    ch375.o
    0x08003e78   0x00000028   Code   RO         2847    i.xWriteCH375Data   ch375.o
    0x08003ea0   0x00000028   Data   RO         2912    .constdata          c_w.l(_printf_hex_int.o)
    0x08003ec8   0x00000011   Data   RO         2942    .constdata          c_w.l(__printf_flags_wp.o)
    0x08003ed9   0x00000004   Data   RO         2999    .constdata          c_w.l(sys_io.o)
    0x08003edd   0x00000004   Data   RO         3000    .constdata          c_w.l(sys_io.o)
    0x08003ee1   0x00000004   Data   RO         3001    .constdata          c_w.l(sys_io.o)
    0x08003ee5   0x00000003   PAD
    0x08003ee8   0x00000020   Data   RO         3301    Region$$Table       anon$$obj.o


    Execution Region RW_IRAM1 (Base: 0x20000000, Size: 0x00000b50, Max: 0x00005000, ABSOLUTE)

    Base Addr    Size         Type   Attr      Idx    E Section Name        Object

    0x20000000   0x00000014   Data   RW          261    .data               system_stm32f10x.o
    0x20000014   0x00000004   Data   RW          352    .data               delay.o
    0x20000018   0x00000002   Data   RW          388    .data               uart.o
    0x2000001a   0x00000014   Data   RW         1526    .data               stm32f10x_rcc.o
    0x2000002e   0x00000002   PAD
    0x20000030   0x00000061   Data   RW         2896    .data               CH375HFM.LIB(CH375MAI.O)
    0x20000091   0x00000003   PAD
    0x20000094   0x00000004   Data   RW         2964    .data               c_w.l(stdio_streams.o)
    0x20000098   0x00000004   Data   RW         2965    .data               c_w.l(stdio_streams.o)
    0x2000009c   0x00000004   Data   RW         2966    .data               c_w.l(stdio_streams.o)
    0x200000a0   0x00000220   Zero   RW           12    .bss                main.o
    0x200002c0   0x00000132   Zero   RW          387    .bss                uart.o
    0x200003f2   0x00000002   PAD
    0x200003f4   0x00000054   Zero   RW         2961    .bss                c_w.l(stdio_streams.o)
    0x20000448   0x00000054   Zero   RW         2962    .bss                c_w.l(stdio_streams.o)
    0x2000049c   0x00000054   Zero   RW         2963    .bss                c_w.l(stdio_streams.o)
    0x200004f0   0x00000060   Zero   RW         3155    .bss                c_w.l(libspace.o)
    0x20000550   0x00000200   Zero   RW          456    HEAP                startup_stm32f10x_md.o
    0x20000750   0x00000400   Zero   RW          455    STACK               startup_stm32f10x_md.o


==============================================================================

Image component sizes


      Code (inc. data)   RO Data    RW Data    ZI Data      Debug   Object Name

       404         38          0          0          0      10063   ch375.o
       220         26          0          4          0       1683   delay.o
       554         90          0          0        544     242627   main.o
       172         22          0          0          0       2045   misc.o
        64         26        236          0       1536        804   startup_stm32f10x_md.o
       200         18          0          0          0       2088   stm32f10x_exti.o
        52         12          0          0          0       1085   stm32f10x_flash.o
       486         10          0          0          0       3380   stm32f10x_gpio.o
        26          0          0          0          0       3842   stm32f10x_it.o
       792        110          0         20          0      12144   stm32f10x_rcc.o
       532         28          0          0          0       6498   stm32f10x_usart.o
         0          0          0          0          0     205592   sys.o
       328         28          0         20          0       2161   system_stm32f10x.o
       272         26          0          2        306       1794   uart.o

    ----------------------------------------------------------------------
      4120        434        268         48       2388     495806   Object Totals
         0          0         32          0          0          0   (incl. Generated)
        18          0          0          2          2          0   (incl. Padding)

    ----------------------------------------------------------------------

      Code (inc. data)   RO Data    RW Data    ZI Data      Debug   Library Member Name

      7964        560          0         97          0       1189   CH375MAI.O
         8          0          0          0          0         68   __main.o
       312          4         17          0          0         92   __printf_flags_wp.o
        14          0          0          0          0         68   __printf_wp.o
         0          0          0          0          0          0   __rtentry.o
        12          0          0          0          0          0   __rtentry2.o
         6          0          0          0          0          0   __rtentry4.o
        52          8          0          0          0          0   __scatter.o
        26          0          0          0          0          0   __scatter_copy.o
        28          0          0          0          0          0   __scatter_zi.o
        48          6          0          0          0         96   _printf_char_common.o
        36          4          0          0          0         80   _printf_char_file.o
        88          4         40          0          0         88   _printf_hex_int.o
       178          0          0          0          0         88   _printf_intcommon.o
        78          0          0          0          0        108   _printf_pad.o
         0          0          0          0          0          0   _printf_percent.o
         4          0          0          0          0          0   _printf_percent_end.o
         6          0          0          0          0          0   _printf_x.o
        10          0          0          0          0         68   defsig_exit.o
        50          0          0          0          0         88   defsig_general.o
        80         58          0          0          0         76   defsig_rtmem_inner.o
        14          0          0          0          0         80   defsig_rtmem_outer.o
        52         38          0          0          0         76   defsig_rtred_inner.o
        14          0          0          0          0         80   defsig_rtred_outer.o
        12          0          0          0          0         72   exit.o
        76          0          0          0          0         88   fclose.o
         8          0          0          0          0         68   ferror.o
       470          0          0          0          0         88   flsbuf.o
       236          4          0          0          0        128   fopen.o
        26          0          0          0          0         68   fputc.o
       248          6          0          0          0         84   fseek.o
        66          0          0          0          0         76   ftell.o
        94          0          0          0          0         80   h1_alloc.o
        52          0          0          0          0         68   h1_extend.o
        78          0          0          0          0         80   h1_free.o
        14          0          0          0          0         84   h1_init.o
         6          0          0          0          0        152   heapauxi.o
         4          0          0          0          0        136   hguard.o
         0          0          0          0          0          0   indicate_semi.o
       138          0          0          0          0        168   init_alloc.o
       312         46          0          0          0        112   initio.o
         2          0          0          0          0          0   libinit.o
        14          0          0          0          0          0   libinit2.o
         2          0          0          0          0          0   libshutdown.o
         6          0          0          0          0          0   libshutdown2.o
         8          4          0          0         96         68   libspace.o
         0          0          0          0          0          0   maybetermalloc1.o
        24          4          0          0          0         84   noretval__2printf.o
         8          4          0          0          0         68   rt_errno_addr_intlibspace.o
         8          4          0          0          0         68   rt_heap_descriptor_intlibspace.o
        78          0          0          0          0         80   rt_memclr_w.o
         2          0          0          0          0          0   rtexit.o
        10          0          0          0          0          0   rtexit2.o
        70          0          0          0          0         80   setvbuf.o
       240          6          0          0          0        156   stdio.o
         0          0          0         12        252          0   stdio_streams.o
        62          0          0          0          0         76   strlen.o
        12          4          0          0          0         68   sys_exit.o
       102          0         12          0          0        240   sys_io.o
        74          0          0          0          0         80   sys_stackheap_outer.o
        14          0          0          0          0         76   sys_wrch.o
         2          0          0          0          0         68   use_no_semi.o

    ----------------------------------------------------------------------
     11676        764         72        112        348       5109   Library Totals
        18          0          3          3          0          0   (incl. Padding)

    ----------------------------------------------------------------------

      Code (inc. data)   RO Data    RW Data    ZI Data      Debug   Library Name

      7964        560          0         97          0       1189   CH375HFM.LIB
      3694        204         69         12        348       3920   c_w.l

    ----------------------------------------------------------------------
     11676        764         72        112        348       5109   Library Totals

    ----------------------------------------------------------------------

==============================================================================


      Code (inc. data)   RO Data    RW Data    ZI Data      Debug   

     15796       1198        340        160       2736     495555   Grand Totals
     15796       1198        340        160       2736     495555   ELF Image Totals
     15796       1198        340        160          0          0   ROM Totals

==============================================================================

    Total RO  Size (Code + RO Data)                16136 (  15.76kB)
    Total RW  Size (RW Data + ZI Data)              2896 (   2.83kB)
    Total ROM Size (Code + RO Data + RW Data)      16296 (  15.91kB)

==============================================================================

