<html>
<body>
<pre>
<h1>礦ision Build Log</h1>
<h2>Tool Versions:</h2>
IDE-Version: μVision V5.14.0.0
Copyright (C) 2015 ARM Ltd and ARM Germany GmbH. All rights reserved.
License Information: alvinmi Microsoft, Microsoft, LIC=EXJEV-P7BRC-SY5VA-1SNXH-UIXFS-WU5YZ
 
Tool Versions:
Toolchain:       MDK-ARM Standard  Version: 5.14.0.0
Toolchain Path:  C:\Keil_v5\ARM\ARMCC\Bin
C Compiler:      Armcc.exe V5.05 update 1 (build 106)
Assembler:       Armasm.exe V5.05 update 1 (build 106)
Linker/Locator:  ArmLink.exe V5.05 update 1 (build 106)
Library Manager: ArmAr.exe V5.05 update 1 (build 106)
Hex Converter:   FromElf.exe V5.05 update 1 (build 106)
CPU DLL:         SARMCM3.DLL V5.14.0.0
Dialog DLL:      DCM.DLL V1.13.1.0
Target DLL:      CMSIS_AGDI.dll V1.21.0.0
Dialog DLL:      TCM.DLL V1.14.4.0
 
<h2>Project:</h2>
C:\Users\alvinmi\Desktop\CH375_solf v1.0\FuncProj_MCU\CH375_Soft v1.0\CH375_solf v1.0.uvprojx
Project File Date:  12/25/2017

<h2>Output:</h2>
Rebuild target 'CH375_solf v1.0'
compiling main.c...
.\USER\ch375\CH375HFM.H(751): warning:  #223-D: function "xReadCH375Cmd" declared implicitly
        while ( xReadCH375Cmd() & 0x80 );  /* 查询CH375B的命令端口的位7为1说明中断引脚输出高电平则等待 */
USER\main.c: 1 warning, 0 errors
compiling stm32f10x_it.c...
compiling system_stm32f10x.c...
compiling sys.c...
compiling delay.c...
compiling Uart.c...
compiling core_cm3.c...
assembling startup_stm32f10x_md.s...
compiling misc.c...
compiling stm32f10x_adc.c...
compiling stm32f10x_bkp.c...
compiling stm32f10x_cec.c...
compiling stm32f10x_exti.c...
compiling stm32f10x_flash.c...
compiling stm32f10x_gpio.c...
compiling stm32f10x_i2c.c...
compiling stm32f10x_pwr.c...
compiling stm32f10x_rcc.c...
compiling stm32f10x_rtc.c...
compiling stm32f10x_sdio.c...
compiling stm32f10x_spi.c...
compiling stm32f10x_tim.c...
compiling stm32f10x_usart.c...
compiling ch375.c...
linking...
Program Size: Code=15796 RO-data=340 RW-data=160 ZI-data=2736  
FromELF: creating hex file...
".\Objects\CH375_solf v1.0" - 0 Error(s), 1 Warning(s).

<h2>Collection of Component include folders:</h2>
  C:\Users\alvinmi\Desktop\CH375_solf v1.0\FuncProj_MCU\CH375_Soft v1.0\RTE
  C:\Keil_v5\ARM\PACK\Keil\STM32F1xx_DFP\1.0.5\Device\Include

<h2>Collection of Component Files used:</h2>
</pre>
</body>
</html>
